Component: ARM Compiler 6.14.1 Tool: armlink [5db06d00]

==============================================================================

Section Cross References

    aes.o(.text.mbedtls_aes_init) refers to rt_memclr_w.o(.text) for __aeabi_memclr4
    aes.o(.ARM.exidx.text.mbedtls_aes_init) refers to aes.o(.text.mbedtls_aes_init) for [Anonymous Symbol]
    aes.o(.text.mbedtls_aes_free) refers to platform_util.o(.text.mbedtls_platform_zeroize) for mbedtls_platform_zeroize
    aes.o(.ARM.exidx.text.mbedtls_aes_free) refers to aes.o(.text.mbedtls_aes_free) for [Anonymous Symbol]
    aes.o(.text.mbedtls_aes_setkey_enc) refers to aes.o(.rodata.round_constants) for round_constants
    aes.o(.text.mbedtls_aes_setkey_enc) refers to aes.o(.rodata.FSb) for FSb
    aes.o(.ARM.exidx.text.mbedtls_aes_setkey_enc) refers to aes.o(.text.mbedtls_aes_setkey_enc) for [Anonymous Symbol]
    aes.o(.text.mbedtls_aes_setkey_dec) refers to aes.o(.text.mbedtls_aes_init) for mbedtls_aes_init
    aes.o(.text.mbedtls_aes_setkey_dec) refers to aes.o(.text.mbedtls_aes_setkey_enc) for mbedtls_aes_setkey_enc
    aes.o(.text.mbedtls_aes_setkey_dec) refers to aes.o(.rodata.FSb) for FSb
    aes.o(.text.mbedtls_aes_setkey_dec) refers to aes.o(.rodata.RT0) for RT0
    aes.o(.text.mbedtls_aes_setkey_dec) refers to aes.o(.rodata.RT1) for RT1
    aes.o(.text.mbedtls_aes_setkey_dec) refers to aes.o(.rodata.RT2) for RT2
    aes.o(.text.mbedtls_aes_setkey_dec) refers to aes.o(.rodata.RT3) for RT3
    aes.o(.text.mbedtls_aes_setkey_dec) refers to aes.o(.text.mbedtls_aes_free) for mbedtls_aes_free
    aes.o(.ARM.exidx.text.mbedtls_aes_setkey_dec) refers to aes.o(.text.mbedtls_aes_setkey_dec) for [Anonymous Symbol]
    aes.o(.text.mbedtls_internal_aes_encrypt) refers to aes.o(.rodata.FT0) for FT0
    aes.o(.text.mbedtls_internal_aes_encrypt) refers to aes.o(.rodata.FT1) for FT1
    aes.o(.text.mbedtls_internal_aes_encrypt) refers to aes.o(.rodata.FT2) for FT2
    aes.o(.text.mbedtls_internal_aes_encrypt) refers to aes.o(.rodata.FT3) for FT3
    aes.o(.text.mbedtls_internal_aes_encrypt) refers to aes.o(.rodata.FSb) for FSb
    aes.o(.text.mbedtls_internal_aes_encrypt) refers to platform_util.o(.text.mbedtls_platform_zeroize) for mbedtls_platform_zeroize
    aes.o(.ARM.exidx.text.mbedtls_internal_aes_encrypt) refers to aes.o(.text.mbedtls_internal_aes_encrypt) for [Anonymous Symbol]
    aes.o(.text.mbedtls_aes_encrypt) refers to aes.o(.text.mbedtls_internal_aes_encrypt) for mbedtls_internal_aes_encrypt
    aes.o(.ARM.exidx.text.mbedtls_aes_encrypt) refers to aes.o(.text.mbedtls_aes_encrypt) for [Anonymous Symbol]
    aes.o(.text.mbedtls_internal_aes_decrypt) refers to aes.o(.rodata.RT0) for RT0
    aes.o(.text.mbedtls_internal_aes_decrypt) refers to aes.o(.rodata.RT1) for RT1
    aes.o(.text.mbedtls_internal_aes_decrypt) refers to aes.o(.rodata.RT2) for RT2
    aes.o(.text.mbedtls_internal_aes_decrypt) refers to aes.o(.rodata.RT3) for RT3
    aes.o(.text.mbedtls_internal_aes_decrypt) refers to aes.o(.rodata.RSb) for RSb
    aes.o(.text.mbedtls_internal_aes_decrypt) refers to platform_util.o(.text.mbedtls_platform_zeroize) for mbedtls_platform_zeroize
    aes.o(.ARM.exidx.text.mbedtls_internal_aes_decrypt) refers to aes.o(.text.mbedtls_internal_aes_decrypt) for [Anonymous Symbol]
    aes.o(.text.mbedtls_aes_decrypt) refers to aes.o(.text.mbedtls_internal_aes_decrypt) for mbedtls_internal_aes_decrypt
    aes.o(.ARM.exidx.text.mbedtls_aes_decrypt) refers to aes.o(.text.mbedtls_aes_decrypt) for [Anonymous Symbol]
    aes.o(.text.mbedtls_aes_crypt_ecb) refers to aes.o(.text.mbedtls_internal_aes_encrypt) for mbedtls_internal_aes_encrypt
    aes.o(.text.mbedtls_aes_crypt_ecb) refers to aes.o(.text.mbedtls_internal_aes_decrypt) for mbedtls_internal_aes_decrypt
    aes.o(.ARM.exidx.text.mbedtls_aes_crypt_ecb) refers to aes.o(.text.mbedtls_aes_crypt_ecb) for [Anonymous Symbol]
    platform_util.o(.ARM.exidx.text.mbedtls_platform_zeroize) refers to platform_util.o(.text.mbedtls_platform_zeroize) for [Anonymous Symbol]
    sha256.o(.text.mbedtls_sha256_init) refers to rt_memclr_w.o(.text) for __aeabi_memclr4
    sha256.o(.ARM.exidx.text.mbedtls_sha256_init) refers to sha256.o(.text.mbedtls_sha256_init) for [Anonymous Symbol]
    sha256.o(.text.mbedtls_sha256_free) refers to platform_util.o(.text.mbedtls_platform_zeroize) for mbedtls_platform_zeroize
    sha256.o(.ARM.exidx.text.mbedtls_sha256_free) refers to sha256.o(.text.mbedtls_sha256_free) for [Anonymous Symbol]
    sha256.o(.text.mbedtls_sha256_clone) refers to rt_memcpy_w.o(.text) for __aeabi_memcpy4
    sha256.o(.ARM.exidx.text.mbedtls_sha256_clone) refers to sha256.o(.text.mbedtls_sha256_clone) for [Anonymous Symbol]
    sha256.o(.ARM.exidx.text.mbedtls_sha256_starts_ret) refers to sha256.o(.text.mbedtls_sha256_starts_ret) for [Anonymous Symbol]
    sha256.o(.text.mbedtls_sha256_starts) refers to sha256.o(.text.mbedtls_sha256_starts_ret) for mbedtls_sha256_starts_ret
[...]
    sha256.o(.text.mbedtls_internal_sha256_process) refers to platform_util.o(.text.mbedtls_platform_zeroize) for mbedtls_platform_zeroize
    sha256.o(.ARM.exidx.text.mbedtls_internal_sha256_process) refers to sha256.o(.text.mbedtls_internal_sha256_process) for [Anonymous Symbol]
    sha256.o(.text.mbedtls_sha256_process) refers to sha256.o(.text.mbedtls_internal_sha256_process) for mbedtls_internal_sha256_process
    sha256.o(.ARM.exidx.text.mbedtls_sha256_process) refers to sha256.o(.text.mbedtls_sha256_process) for [Anonymous Symbol]
    sha256.o(.text.mbedtls_sha256_update_ret) refers to rt_memcpy_v6.o(.text) for __aeabi_memcpy
    sha256.o(.text.mbedtls_sha256_update_ret) refers to sha256.o(.text.mbedtls_internal_sha256_process) for mbedtls_internal_sha256_process
    sha256.o(.ARM.exidx.text.mbedtls_sha256_update_ret) refers to sha256.o(.text.mbedtls_sha256_update_ret) for [Anonymous Symbol]
    sha256.o(.text.mbedtls_sha256_update) refers to sha256.o(.text.mbedtls_sha256_update_ret) for mbedtls_sha256_update_ret
    sha256.o(.ARM.exidx.text.mbedtls_sha256_update) refers to sha256.o(.text.mbedtls_sha256_update) for [Anonymous Symbol]
    sha256.o(.text.mbedtls_sha256_finish_ret) refers to rt_memclr.o(.text) for __aeabi_memclr
    sha256.o(.text.mbedtls_sha256_finish_ret) refers to sha256.o(.text.mbedtls_internal_sha256_process) for mbedtls_internal_sha256_process
    sha256.o(.text.mbedtls_sha256_finish_ret) refers to rt_memclr_w.o(.text) for __aeabi_memclr4
    sha256.o(.ARM.exidx.text.mbedtls_sha256_finish_ret) refers to sha256.o(.text.mbedtls_sha256_finish_ret) for [Anonymous Symbol]
    sha256.o(.text.mbedtls_sha256_finish) refers to sha256.o(.text.mbedtls_sha256_finish_ret) for mbedtls_sha256_finish_ret
    sha256.o(.ARM.exidx.text.mbedtls_sha256_finish) refers to sha256.o(.text.mbedtls_sha256_finish) for [Anonymous Symbol]
    sha256.o(.text.mbedtls_sha256_ret) refers to sha256.o(.text.mbedtls_sha256_init) for mbedtls_sha256_init
    sha256.o(.text.mbedtls_sha256_ret) refers to sha256.o(.text.mbedtls_sha256_starts_ret) for mbedtls_sha256_starts_ret
    sha256.o(.text.mbedtls_sha256_ret) refers to sha256.o(.text.mbedtls_sha256_update_ret) for mbedtls_sha256_update_ret
    sha256.o(.text.mbedtls_sha256_ret) refers to sha256.o(.text.mbedtls_sha256_finish_ret) for mbedtls_sha256_finish_ret
    sha256.o(.text.mbedtls_sha256_ret) refers to sha256.o(.text.mbedtls_sha256_free) for mbedtls_sha256_free
    sha256.o(.ARM.exidx.text.mbedtls_sha256_ret) refers to sha256.o(.text.mbedtls_sha256_ret) for [Anonymous Symbol]
    sha256.o(.text.mbedtls_sha256) refers to sha256.o(.text.mbedtls_sha256_ret) for mbedtls_sha256_ret
    sha256.o(.ARM.exidx.text.mbedtls_sha256) refers to sha256.o(.text.mbedtls_sha256) for [Anonymous Symbol]
    cryif.o(.text.CryIf_ProcessJob) refers to cryif.o(.text.CryIf_GetDriverObjectId) for CryIf_GetDriverObjectId
    cryif.o(.text.CryIf_ProcessJob) refers to crypto.o(.text.Crypto_ProcessJob) for Crypto_ProcessJob
    cryif.o(.ARM.exidx.text.CryIf_ProcessJob) refers to cryif.o(.text.CryIf_ProcessJob) for [Anonymous Symbol]
    cryif.o(.ARM.exidx.text.CryIf_GetDriverObjectId) refers to cryif.o(.text.CryIf_GetDriverObjectId) for [Anonymous Symbol]
    crypto.o(.text.Crypto_SetKey) refers to crypto.o(.bss.s_aesKey) for s_aesKey
    crypto.o(.text.Crypto_SetKey) refers to rt_memcpy_v6.o(.text) for __aeabi_memcpy
    crypto.o(.text.Crypto_SetKey) refers to crypto.o(.bss.s_aesKeyLenBits) for s_aesKeyLenBits
    crypto.o(.text.Crypto_SetKey) refers to crypto.o(.bss.s_aesKeyValid) for s_aesKeyValid
    crypto.o(.ARM.exidx.text.Crypto_SetKey) refers to crypto.o(.text.Crypto_SetKey) for [Anonymous Symbol]
    crypto.o(.text.Crypto_SetKeyValid) refers to crypto.o(.bss.s_aesKeyValid) for s_aesKeyValid
    crypto.o(.ARM.exidx.text.Crypto_SetKeyValid) refers to crypto.o(.text.Crypto_SetKeyValid) for [Anonymous Symbol]
    crypto.o(.text.Crypto_ProcessJob) refers to crypto.o(.text.ProcessHashGenerateSha256) for ProcessHashGenerateSha256
    crypto.o(.text.Crypto_ProcessJob) refers to crypto.o(.text.ProcessEncryptAesEcb) for ProcessEncryptAesEcb
    crypto.o(.ARM.exidx.text.Crypto_ProcessJob) refers to crypto.o(.text.Crypto_ProcessJob) for [Anonymous Symbol]
    crypto.o(.text.ProcessHashGenerateSha256) refers to sha256.o(.text.mbedtls_sha256) for mbedtls_sha256
    crypto.o(.ARM.exidx.text.ProcessHashGenerateSha256) refers to crypto.o(.text.ProcessHashGenerateSha256) for [Anonymous Symbol]
    crypto.o(.text.ProcessEncryptAesEcb) refers to crypto.o(.bss.s_aesKeyValid) for s_aesKeyValid
    crypto.o(.text.ProcessEncryptAesEcb) refers to aes.o(.text.mbedtls_aes_init) for mbedtls_aes_init
    crypto.o(.text.ProcessEncryptAesEcb) refers to crypto.o(.bss.s_aesKeyLenBits) for s_aesKeyLenBits
    crypto.o(.text.ProcessEncryptAesEcb) refers to crypto.o(.bss.s_aesKey) for s_aesKey
    crypto.o(.text.ProcessEncryptAesEcb) refers to aes.o(.text.mbedtls_aes_setkey_enc) for mbedtls_aes_setkey_enc
    crypto.o(.text.ProcessEncryptAesEcb) refers to aes.o(.text.mbedtls_aes_free) for mbedtls_aes_free
    crypto.o(.text.ProcessEncryptAesEcb) refers to aes.o(.text.mbedtls_aes_crypt_ecb) for mbedtls_aes_crypt_ecb
    crypto.o(.ARM.exidx.text.ProcessEncryptAesEcb) refers to crypto.o(.text.ProcessEncryptAesEcb) for [Anonymous Symbol]
    csm.o(.text.Csm_Hash) refers to cryif.o(.text.CryIf_ProcessJob) for CryIf_ProcessJob
    csm.o(.ARM.exidx.text.Csm_Hash) refers to csm.o(.text.Csm_Hash) for [Anonymous Symbol]
    csm.o(.text.Csm_SetKey) refers to crypto.o(.text.Crypto_SetKey) for Crypto_SetKey
    csm.o(.ARM.exidx.text.Csm_SetKey) refers to csm.o(.text.Csm_SetKey) for [Anonymous Symbol]
    csm.o(.text.Csm_SetKeyValid) refers to crypto.o(.text.Crypto_SetKeyValid) for Crypto_SetKeyValid
    csm.o(.ARM.exidx.text.Csm_SetKeyValid) refers to csm.o(.text.Csm_SetKeyValid) for [Anonymous Symbol]
    csm.o(.text.Csm_Encrypt) refers to cryif.o(.text.CryIf_ProcessJob) for CryIf_ProcessJob
    csm.o(.ARM.exidx.text.Csm_Encrypt) refers to csm.o(.text.Csm_Encrypt) for [Anonymous Symbol]
    main.o(.text.main) refers to main.o(.text.uart0_init) for uart0_init
    main.o(.text.main) refers to main.o(.text.uart0_puts) for uart0_puts
    main.o(.text.main) refers to main.o(.rodata.g_hashMsg) for g_hashMsg
    main.o(.text.main) refers to csm.o(.text.Csm_Hash) for Csm_Hash
    main.o(.text.main) refers to main.o(.rodata.str1.1) for .L.str.3
    main.o(.text.main) refers to main.o(.text.uart0_print_hex_buf) for uart0_print_hex_buf
    main.o(.text.main) refers to main.o(.rodata.g_hashExpected) for g_hashExpected
    main.o(.text.main) refers to memcmp.o(.text) for memcmp
    main.o(.text.main) refers to main.o(.rodata.g_aesKey) for g_aesKey
    main.o(.text.main) refers to csm.o(.text.Csm_SetKey) for Csm_SetKey
    main.o(.text.main) refers to csm.o(.text.Csm_SetKeyValid) for Csm_SetKeyValid
    main.o(.text.main) refers to main.o(.rodata.g_aesInput) for g_aesInput
    main.o(.text.main) refers to csm.o(.text.Csm_Encrypt) for Csm_Encrypt
    main.o(.text.main) refers to main.o(.rodata.g_aesExpected) for g_aesExpected
    main.o(.ARM.exidx.text.main) refers to main.o(.text.main) for [Anonymous Symbol]
    main.o(.ARM.exidx.text.uart0_init) refers to main.o(.text.uart0_init) for [Anonymous Symbol]
    main.o(.text.uart0_puts) refers to main.o(.text.uart0_putc) for uart0_putc
    main.o(.ARM.exidx.text.uart0_puts) refers to main.o(.text.uart0_puts) for [Anonymous Symbol]
    main.o(.text.uart0_print_hex_buf) refers to main.o(.rodata.str1.1) for uart0_print_hex_buf.hexch
    main.o(.text.uart0_print_hex_buf) refers to main.o(.text.uart0_putc) for uart0_putc
    main.o(.ARM.exidx.text.uart0_print_hex_buf) refers to main.o(.text.uart0_print_hex_buf) for [Anonymous Symbol]
    main.o(.ARM.exidx.text.uart0_putc) refers to main.o(.text.uart0_putc) for [Anonymous Symbol]
    startup_tm4c123.o(STACK) refers (Special) to heapauxi.o(.text) for __use_two_region_memory
    startup_tm4c123.o(HEAP) refers (Special) to heapauxi.o(.text) for __use_two_region_memory
    startup_tm4c123.o(RESET) refers (Special) to heapauxi.o(.text) for __use_two_region_memory
    startup_tm4c123.o(RESET) refers to startup_tm4c123.o(STACK) for __initial_sp
    startup_tm4c123.o(RESET) refers to startup_tm4c123.o(.text) for Reset_Handler
    startup_tm4c123.o(.text) refers (Special) to heapauxi.o(.text) for __use_two_region_memory
    startup_tm4c123.o(.text) refers to system_tm4c123.o(.text.SystemInit) for SystemInit
    startup_tm4c123.o(.text) refers to __main.o(!!!main) for __main
    startup_tm4c123.o(.text) refers to startup_tm4c123.o(HEAP) for Heap_Mem
    startup_tm4c123.o(.text) refers to startup_tm4c123.o(STACK) for Stack_Mem
    system_tm4c123.o(.text.SystemCoreClockUpdate) refers to system_tm4c123.o(.text.getOscClk) for getOscClk
    system_tm4c123.o(.text.SystemCoreClockUpdate) refers to system_tm4c123.o(.data.SystemCoreClock) for SystemCoreClock
    system_tm4c123.o(.ARM.exidx.text.SystemCoreClockUpdate) refers to system_tm4c123.o(.text.SystemCoreClockUpdate) for [Anonymous Symbol]
    system_tm4c123.o(.text.getOscClk) refers to system_tm4c123.o(.rodata..Lswitch.table.getOscClk) for .Lswitch.table.getOscClk
    system_tm4c123.o(.ARM.exidx.text.getOscClk) refers to system_tm4c123.o(.text.getOscClk) for [Anonymous Symbol]
    system_tm4c123.o(.ARM.exidx.text.SystemInit) refers to system_tm4c123.o(.text.SystemInit) for [Anonymous Symbol]
    rt_memcpy_v6.o(.text) refers to rt_memcpy_w.o(.text) for __aeabi_memcpy4
    rt_memclr.o(.text) refers to rt_memclr_w.o(.text) for _memset_w
    __main.o(!!!main) refers to __rtentry.o(.ARM.Collect$$rtentry$$00000000) for __rt_entry
    __rtentry.o(.ARM.Collect$$rtentry$$00000000) refers (Special) to __rtentry2.o(.ARM.Collect$$rtentry$$0000000A) for __rt_entry_li
    __rtentry.o(.ARM.Collect$$rtentry$$00000000) refers (Special) to __rtentry2.o(.ARM.Collect$$rtentry$$0000000D) for __rt_entry_main
    __rtentry.o(.ARM.Collect$$rtentry$$00000000) refers (Special) to __rtentry2.o(.ARM.Collect$$rtentry$$0000000C) for __rt_entry_postli_1
    __rtentry.o(.ARM.Collect$$rtentry$$00000000) refers (Special) to __rtentry2.o(.ARM.Collect$$rtentry$$00000009) for __rt_entry_postsh_1
    __rtentry.o(.ARM.Collect$$rtentry$$00000000) refers (Special) to __rtentry2.o(.ARM.Collect$$rtentry$$00000002) for __rt_entry_presh_1
    __rtentry.o(.ARM.Collect$$rtentry$$00000000) refers (Special) to __rtentry4.o(.ARM.Collect$$rtentry$$00000004) for __rt_entry_sh
    __rtentry2.o(.ARM.Collect$$rtentry$$00000008) refers to boardinit2.o(.text) for _platform_post_stackheap_init
    __rtentry2.o(.ARM.Collect$$rtentry$$0000000A) refers to libinit.o(.ARM.Collect$$libinit$$00000000) for __rt_lib_init
    __rtentry2.o(.ARM.Collect$$rtentry$$0000000B) refers to boardinit3.o(.text) for _platform_post_lib_init
    __rtentry2.o(.ARM.Collect$$rtentry$$0000000D) refers to main.o(.text.main) for main
    __rtentry2.o(.ARM.Collect$$rtentry$$0000000D) refers to exit.o(.text) for exit
    __rtentry2.o(.ARM.exidx) refers to __rtentry2.o(.ARM.Collect$$rtentry$$00000001) for .ARM.Collect$$rtentry$$00000001
    __rtentry2.o(.ARM.exidx) refers to __rtentry2.o(.ARM.Collect$$rtentry$$00000008) for .ARM.Collect$$rtentry$$00000008
    __rtentry2.o(.ARM.exidx) refers to __rtentry2.o(.ARM.Collect$$rtentry$$0000000A) for .ARM.Collect$$rtentry$$0000000A
    __rtentry2.o(.ARM.exidx) refers to __rtentry2.o(.ARM.Collect$$rtentry$$0000000B) for .ARM.Collect$$rtentry$$0000000B
    __rtentry2.o(.ARM.exidx) refers to __rtentry2.o(.ARM.Collect$$rtentry$$0000000D) for .ARM.Collect$$rtentry$$0000000D
    __rtentry4.o(.ARM.Collect$$rtentry$$00000004) refers to sys_stackheap_outer.o(.text) for __user_setup_stackheap
    __rtentry4.o(.ARM.exidx) refers to __rtentry4.o(.ARM.Collect$$rtentry$$00000004) for .ARM.Collect$$rtentry$$00000004
    sys_stackheap_outer.o(.text) refers to libspace.o(.text) for __user_perproc_libspace
    sys_stackheap_outer.o(.text) refers to startup_tm4c123.o(.text) for __user_initial_stackheap
    exit.o(.text) refers to rtexit.o(.ARM.Collect$$rtexit$$00000000) for __rt_exit
    libinit.o(.ARM.Collect$$libinit$$00000000) refers (Special) to libinit2.o(.ARM.Collect$$libinit$$0000002E) for __rt_lib_init_alloca_1
    libinit.o(.ARM.Collect$$libinit$$00000000) refers (Special) to libinit2.o(.ARM.Collect$$libinit$$0000002C) for __rt_lib_init_argv_1
    libinit.o(.ARM.Collect$$libinit$$00000000) refers (Special) to libinit2.o(.ARM.Collect$$libinit$$0000001B) for __rt_lib_init_atexit_1
    libinit.o(.ARM.Collect$$libinit$$00000000) refers (Special) to libinit2.o(.ARM.Collect$$libinit$$00000021) for __rt_lib_init_clock_1
    libinit.o(.ARM.Collect$$libinit$$00000000) refers (Special) to libinit2.o(.ARM.Collect$$libinit$$00000032) for __rt_lib_init_cpp_1
    libinit.o(.ARM.Collect$$libinit$$00000000) refers (Special) to libinit2.o(.ARM.Collect$$libinit$$00000030) for __rt_lib_init_exceptions_1
    libinit.o(.ARM.Collect$$libinit$$00000000) refers (Special) to libinit2.o(.ARM.Collect$$libinit$$00000001) for __rt_lib_init_fp_1
    libinit.o(.ARM.Collect$$libinit$$00000000) refers (Special) to libinit2.o(.ARM.Collect$$libinit$$0000001F) for __rt_lib_init_fp_trap_1
    libinit.o(.ARM.Collect$$libinit$$00000000) refers (Special) to libinit2.o(.ARM.Collect$$libinit$$00000023) for __rt_lib_init_getenv_1
    libinit.o(.ARM.Collect$$libinit$$00000000) refers (Special) to libinit2.o(.ARM.Collect$$libinit$$0000000A) for __rt_lib_init_heap_1
    libinit.o(.ARM.Collect$$libinit$$00000000) refers (Special) to libinit2.o(.ARM.Collect$$libinit$$00000011) for __rt_lib_init_lc_collate_1
    libinit.o(.ARM.Collect$$libinit$$00000000) refers (Special) to libinit2.o(.ARM.Collect$$libinit$$00000013) for __rt_lib_init_lc_ctype_1
    libinit.o(.ARM.Collect$$libinit$$00000000) refers (Special) to libinit2.o(.ARM.Collect$$libinit$$00000015) for __rt_lib_init_lc_monetary_1
    libinit.o(.ARM.Collect$$libinit$$00000000) refers (Special) to libinit2.o(.ARM.Collect$$libinit$$00000017) for __rt_lib_init_lc_numeric_1
    libinit.o(.ARM.Collect$$libinit$$00000000) refers (Special) to libinit2.o(.ARM.Collect$$libinit$$00000019) for __rt_lib_init_lc_time_1
    libinit.o(.ARM.Collect$$libinit$$00000000) refers (Special) to libinit2.o(.ARM.Collect$$libinit$$00000004) for __rt_lib_init_preinit_1
    libinit.o(.ARM.Collect$$libinit$$00000000) refers (Special) to libinit2.o(.ARM.Collect$$libinit$$0000000E) for __rt_lib_init_rand_1
    libinit.o(.ARM.Collect$$libinit$$00000000) refers (Special) to libinit2.o(.ARM.Collect$$libinit$$00000033) for __rt_lib_init_return
    libinit.o(.ARM.Collect$$libinit$$00000000) refers (Special) to libinit2.o(.ARM.Collect$$libinit$$0000001D) for __rt_lib_init_signal_1
    libinit.o(.ARM.Collect$$libinit$$00000000) refers (Special) to libinit2.o(.ARM.Collect$$libinit$$00000025) for __rt_lib_init_stdio_1
    libinit.o(.ARM.Collect$$libinit$$00000000) refers (Special) to libinit2.o(.ARM.Collect$$libinit$$0000000C) for __rt_lib_init_user_alloc_1
    libspace.o(.text) refers to libspace.o(.bss) for __libspace_start
    rtexit.o(.ARM.Collect$$rtexit$$00000000) refers (Special) to rtexit2.o(.ARM.Collect$$rtexit$$00000004) for __rt_exit_exit
    rtexit.o(.ARM.Collect$$rtexit$$00000000) refers (Special) to rtexit2.o(.ARM.Collect$$rtexit$$00000003) for __rt_exit_ls
    rtexit.o(.ARM.Collect$$rtexit$$00000000) refers (Special) to rtexit2.o(.ARM.Collect$$rtexit$$00000002) for __rt_exit_prels_1
    rtexit.o(.ARM.exidx) refers (Special) to rtexit2.o(.ARM.Collect$$rtexit$$00000004) for __rt_exit_exit
    rtexit.o(.ARM.exidx) refers (Special) to rtexit2.o(.ARM.Collect$$rtexit$$00000003) for __rt_exit_ls
    rtexit.o(.ARM.exidx) refers (Special) to rtexit2.o(.ARM.Collect$$rtexit$$00000002) for __rt_exit_prels_1
    rtexit.o(.ARM.exidx) refers to rtexit.o(.ARM.Collect$$rtexit$$00000000) for .ARM.Collect$$rtexit$$00000000
    libinit2.o(.ARM.Collect$$libinit$$00000001) refers to fpinit.o(x$fpl$fpinit) for _fp_init
    libinit2.o(.ARM.Collect$$libinit$$00000010) refers to libinit2.o(.ARM.Collect$$libinit$$0000000F) for .ARM.Collect$$libinit$$0000000F
    libinit2.o(.ARM.Collect$$libinit$$00000012) refers to libinit2.o(.ARM.Collect$$libinit$$0000000F) for .ARM.Collect$$libinit$$0000000F
    libinit2.o(.ARM.Collect$$libinit$$00000014) refers to libinit2.o(.ARM.Collect$$libinit$$0000000F) for .ARM.Collect$$libinit$$0000000F
    libinit2.o(.ARM.Collect$$libinit$$00000016) refers to libinit2.o(.ARM.Collect$$libinit$$0000000F) for .ARM.Collect$$libinit$$0000000F
    libinit2.o(.ARM.Collect$$libinit$$00000018) refers to libinit2.o(.ARM.Collect$$libinit$$0000000F) for .ARM.Collect$$libinit$$0000000F
    libinit2.o(.ARM.Collect$$libinit$$00000026) refers to argv_veneer.o(.emb_text) for __ARM_argv_veneer
    libinit2.o(.ARM.Collect$$libinit$$00000027) refers to argv_veneer.o(.emb_text) for __ARM_argv_veneer
    rtexit2.o(.ARM.Collect$$rtexit$$00000003) refers to libshutdown.o(.ARM.Collect$$libshutdown$$00000000) for __rt_lib_shutdown
    rtexit2.o(.ARM.Collect$$rtexit$$00000004) refers to sys_exit.o(.text) for _sys_exit
    rtexit2.o(.ARM.exidx) refers to rtexit2.o(.ARM.Collect$$rtexit$$00000001) for .ARM.Collect$$rtexit$$00000001
    rtexit2.o(.ARM.exidx) refers to rtexit2.o(.ARM.Collect$$rtexit$$00000003) for .ARM.Collect$$rtexit$$00000003
    rtexit2.o(.ARM.exidx) refers to rtexit2.o(.ARM.Collect$$rtexit$$00000004) for .ARM.Collect$$rtexit$$00000004
    argv_veneer.o(.emb_text) refers to no_argv.o(.text) for __ARM_get_argv
    sys_exit.o(.text) refers (Special) to use_no_semi.o(.text) for __I$use$semihosting
    sys_exit.o(.text) refers (Special) to indicate_semi.o(.text) for __semihosting_library_function
    sys_exit_hlt.o(.text) refers (Special) to use_no_semi.o(.text) for __I$use$semihosting
    sys_exit_hlt.o(.text) refers (Special) to indicate_semi.o(.text) for __semihosting_library_function
    _get_argv_nomalloc.o(.text) refers (Special) to hrguard.o(.text) for __heap_region$guard
    _get_argv_nomalloc.o(.text) refers to defsig_rtmem_outer.o(.text) for __rt_SIGRTMEM
    _get_argv_nomalloc.o(.text) refers to sys_command.o(.text) for _sys_command_string
    libshutdown.o(.ARM.Collect$$libshutdown$$00000000) refers (Special) to libshutdown2.o(.ARM.Collect$$libshutdown$$00000002) for __rt_lib_shutdown_cpp_1
    libshutdown.o(.ARM.Collect$$libshutdown$$00000000) refers (Special) to libshutdown2.o(.ARM.Collect$$libshutdown$$00000007) for __rt_lib_shutdown_fp_trap_1
    libshutdown.o(.ARM.Collect$$libshutdown$$00000000) refers (Special) to libshutdown2.o(.ARM.Collect$$libshutdown$$0000000F) for __rt_lib_shutdown_heap_1
    libshutdown.o(.ARM.Collect$$libshutdown$$00000000) refers (Special) to libshutdown2.o(.ARM.Collect$$libshutdown$$00000010) for __rt_lib_shutdown_return
    libshutdown.o(.ARM.Collect$$libshutdown$$00000000) refers (Special) to libshutdown2.o(.ARM.Collect$$libshutdown$$0000000A) for __rt_lib_shutdown_signal_1
    libshutdown.o(.ARM.Collect$$libshutdown$$00000000) refers (Special) to libshutdown2.o(.ARM.Collect$$libshutdown$$00000004) for __rt_lib_shutdown_stdio_1
    libshutdown.o(.ARM.Collect$$libshutdown$$00000000) refers (Special) to libshutdown2.o(.ARM.Collect$$libshutdown$$0000000C) for __rt_lib_shutdown_user_alloc_1
    sys_command.o(.text) refers (Special) to use_no_semi.o(.text) for __I$use$semihosting
    sys_command.o(.text) refers (Special) to indicate_semi.o(.text) for __semihosting_library_function
    sys_command_hlt.o(.text) refers (Special) to use_no_semi.o(.text) for __I$use$semihosting
    sys_command_hlt.o(.text) refers (Special) to indicate_semi.o(.text) for __semihosting_library_function
    defsig_rtmem_outer.o(.text) refers to defsig_rtmem_inner.o(.text) for __rt_SIGRTMEM_inner
    defsig_rtmem_outer.o(.text) refers to defsig_exit.o(.text) for __sig_exit
    defsig_rtmem_formal.o(.text) refers to rt_raise.o(.text) for __rt_raise
    rt_raise.o(.text) refers to __raise.o(.text) for __raise
    rt_raise.o(.text) refers to sys_exit.o(.text) for _sys_exit
    defsig_exit.o(.text) refers to sys_exit.o(.text) for _sys_exit
    defsig_rtmem_inner.o(.text) refers to defsig_general.o(.text) for __default_signal_display
    __raise.o(.text) refers to defsig.o(CL$$defsig) for __default_signal_handler
    defsig_general.o(.text) refers to sys_wrch.o(.text) for _ttywrch
    sys_wrch.o(.text) refers (Special) to use_no_semi.o(.text) for __I$use$semihosting
    sys_wrch.o(.text) refers (Special) to indicate_semi.o(.text) for __semihosting_library_function
    sys_wrch_hlt.o(.text) refers (Special) to use_no_semi.o(.text) for __I$use$semihosting
    sys_wrch_hlt.o(.text) refers (Special) to indicate_semi.o(.text) for __semihosting_library_function
    defsig.o(CL$$defsig) refers to defsig_rtmem_inner.o(.text) for __rt_SIGRTMEM_inner
    defsig_abrt_inner.o(.text) refers to defsig_general.o(.text) for __default_signal_display
    defsig_fpe_inner.o(.text) refers to defsig_general.o(.text) for __default_signal_display
    defsig_rtred_inner.o(.text) refers to defsig_general.o(.text) for __default_signal_display
    defsig_stak_inner.o(.text) refers to defsig_general.o(.text) for __default_signal_display
    defsig_pvfn_inner.o(.text) refers to defsig_general.o(.text) for __default_signal_display
    defsig_cppl_inner.o(.text) refers to defsig_general.o(.text) for __default_signal_display
    defsig_segv_inner.o(.text) refers to defsig_general.o(.text) for __default_signal_display
    defsig_other.o(.text) refers to defsig_general.o(.text) for __default_signal_display


==============================================================================

Removing Unused input sections from the image.

    Removing aes.o(.text), (0 bytes).
    Removing aes.o(.ARM.exidx.text.mbedtls_aes_init), (8 bytes).
    Removing aes.o(.ARM.exidx.text.mbedtls_aes_free), (8 bytes).
    Removing aes.o(.ARM.exidx.text.mbedtls_aes_setkey_enc), (8 bytes).
    Removing aes.o(.text.mbedtls_aes_setkey_dec), (246 bytes).
    Removing aes.o(.ARM.exidx.text.mbedtls_aes_setkey_dec), (8 bytes).
    Removing aes.o(.ARM.exidx.text.mbedtls_internal_aes_encrypt), (8 bytes).
    Removing aes.o(.text.mbedtls_aes_encrypt), (8 bytes).
    Removing aes.o(.ARM.exidx.text.mbedtls_aes_encrypt), (8 bytes).
    Removing aes.o(.ARM.exidx.text.mbedtls_internal_aes_decrypt), (8 bytes).
    Removing aes.o(.text.mbedtls_aes_decrypt), (8 bytes).
    Removing aes.o(.ARM.exidx.text.mbedtls_aes_decrypt), (8 bytes).
    Removing aes.o(.ARM.exidx.text.mbedtls_aes_crypt_ecb), (8 bytes).
    Removing platform_util.o(.text), (0 bytes).
    Removing platform_util.o(.ARM.exidx.text.mbedtls_platform_zeroize), (8 bytes).
    Removing sha256.o(.text), (0 bytes).
    Removing sha256.o(.ARM.exidx.text.mbedtls_sha256_init), (8 bytes).
    Removing sha256.o(.ARM.exidx.text.mbedtls_sha256_free), (8 bytes).
    Removing sha256.o(.text.mbedtls_sha256_clone), (10 bytes).
    Removing sha256.o(.ARM.exidx.text.mbedtls_sha256_clone), (8 bytes).
    Removing sha256.o(.ARM.exidx.text.mbedtls_sha256_starts_ret), (8 bytes).
    Removing sha256.o(.text.mbedtls_sha256_starts), (8 bytes).
    Removing sha256.o(.ARM.exidx.text.mbedtls_sha256_starts), (8 bytes).
    Removing sha256.o(.ARM.exidx.text.mbedtls_internal_sha256_process), (8 bytes).
    Removing sha256.o(.text.mbedtls_sha256_process), (8 bytes).
    Removing sha256.o(.ARM.exidx.text.mbedtls_sha256_process), (8 bytes).
    Removing sha256.o(.ARM.exidx.text.mbedtls_sha256_update_ret), (8 bytes).
    Removing sha256.o(.text.mbedtls_sha256_update), (8 bytes).
    Removing sha256.o(.ARM.exidx.text.mbedtls_sha256_update), (8 bytes).
    Removing sha256.o(.ARM.exidx.text.mbedtls_sha256_finish_ret), (8 bytes).
    Removing sha256.o(.text.mbedtls_sha256_finish), (8 bytes).
    Removing sha256.o(.ARM.exidx.text.mbedtls_sha256_finish), (8 bytes).
    Removing sha256.o(.ARM.exidx.text.mbedtls_sha256_ret), (8 bytes).
    Removing sha256.o(.ARM.exidx.text.mbedtls_sha256), (8 bytes).
    Removing cryif.o(.text), (0 bytes).
    Removing cryif.o(.ARM.exidx.text.CryIf_ProcessJob), (8 bytes).
    Removing cryif.o(.ARM.exidx.text.CryIf_GetDriverObjectId), (8 bytes).
    Removing crypto.o(.text), (0 bytes).
    Removing crypto.o(.ARM.exidx.text.Crypto_SetKey), (8 bytes).
    Removing crypto.o(.ARM.exidx.text.Crypto_SetKeyValid), (8 bytes).
    Removing crypto.o(.ARM.exidx.text.Crypto_ProcessJob), (8 bytes).
    Removing crypto.o(.ARM.exidx.text.ProcessHashGenerateSha256), (8 bytes).
    Removing crypto.o(.ARM.exidx.text.ProcessEncryptAesEcb), (8 bytes).
    Removing csm.o(.text), (0 bytes).
    Removing csm.o(.ARM.exidx.text.Csm_Hash), (8 bytes).
    Removing csm.o(.ARM.exidx.text.Csm_SetKey), (8 bytes).
    Removing csm.o(.ARM.exidx.text.Csm_SetKeyValid), (8 bytes).
    Removing csm.o(.ARM.exidx.text.Csm_Encrypt), (8 bytes).
    Removing main.o(.text), (0 bytes).
    Removing main.o(.ARM.exidx.text.main), (8 bytes).
    Removing main.o(.ARM.exidx.text.uart0_init), (8 bytes).
    Removing main.o(.ARM.exidx.text.uart0_puts), (8 bytes).
    Removing main.o(.ARM.exidx.text.uart0_print_hex_buf), (8 bytes).
    Removing main.o(.ARM.exidx.text.uart0_putc), (8 bytes).
    Removing main.o(.ARM.use_no_argv), (4 bytes).
    Removing system_tm4c123.o(.text), (0 bytes).
    Removing system_tm4c123.o(.text.SystemCoreClockUpdate), (148 bytes).
    Removing system_tm4c123.o(.ARM.exidx.text.SystemCoreClockUpdate), (8 bytes).
    Removing system_tm4c123.o(.text.getOscClk), (56 bytes).
    Removing system_tm4c123.o(.ARM.exidx.text.getOscClk), (8 bytes).
    Removing system_tm4c123.o(.ARM.exidx.text.SystemInit), (8 bytes).
    Removing system_tm4c123.o(.data.SystemCoreClock), (4 bytes).
    Removing system_tm4c123.o(.rodata..Lswitch.table.getOscClk), (92 bytes).

63 unused section(s) (total 944 bytes) removed from the image.

==============================================================================

Image Symbol Table

    Local Symbols

    Symbol Name                              Value     Ov Type        Size  Object(Section)

    ../clib/angel/boardlib.s                 0x00000000   Number         0  boardinit1.o ABSOLUTE
    ../clib/angel/boardlib.s                 0x00000000   Number         0  boardinit2.o ABSOLUTE
    ../clib/angel/boardlib.s                 0x00000000   Number         0  boardinit3.o ABSOLUTE
    ../clib/angel/boardlib.s                 0x00000000   Number         0  boardshut.o ABSOLUTE
    ../clib/angel/handlers.s                 0x00000000   Number         0  __scatter_zi.o ABSOLUTE
    ../clib/angel/kernel.s                   0x00000000   Number         0  __rtentry.o ABSOLUTE
    ../clib/angel/kernel.s                   0x00000000   Number         0  __rtentry2.o ABSOLUTE
    ../clib/angel/kernel.s                   0x00000000   Number         0  __rtentry4.o ABSOLUTE
    ../clib/angel/kernel.s                   0x00000000   Number         0  rtexit.o ABSOLUTE
    ../clib/angel/kernel.s                   0x00000000   Number         0  rtexit2.o ABSOLUTE
    ../clib/angel/rt.s                       0x00000000   Number         0  rt_raise.o ABSOLUTE
    ../clib/angel/scatter.s                  0x00000000   Number         0  __scatter.o ABSOLUTE
    ../clib/angel/startup.s                  0x00000000   Number         0  __main.o ABSOLUTE
    ../clib/angel/sys.s                      0x00000000   Number         0  sys_stackheap_outer.o ABSOLUTE
    ../clib/angel/sys.s                      0x00000000   Number         0  libspace.o ABSOLUTE
    ../clib/angel/sys.s                      0x00000000   Number         0  use_no_semi.o ABSOLUTE
    ../clib/angel/sys.s                      0x00000000   Number         0  indicate_semi.o ABSOLUTE
    ../clib/angel/sysapp.c                   0x00000000   Number         0  sys_exit.o ABSOLUTE
    ../clib/angel/sysapp.c                   0x00000000   Number         0  sys_exit_hlt.o ABSOLUTE
    ../clib/angel/sysapp.c                   0x00000000   Number         0  sys_command.o ABSOLUTE
    ../clib/angel/sysapp.c                   0x00000000   Number         0  sys_command_hlt.o ABSOLUTE
    ../clib/angel/sysapp.c                   0x00000000   Number         0  sys_wrch.o ABSOLUTE
    ../clib/angel/sysapp.c                   0x00000000   Number         0  sys_wrch_hlt.o ABSOLUTE
    ../clib/armsys.c                         0x00000000   Number         0  argv_veneer.o ABSOLUTE
    ../clib/armsys.c                         0x00000000   Number         0  argv_veneer.o ABSOLUTE
    ../clib/armsys.c                         0x00000000   Number         0  _get_argv_nomalloc.o ABSOLUTE
    ../clib/armsys.c                         0x00000000   Number         0  no_argv.o ABSOLUTE
    ../clib/heapalloc.c                      0x00000000   Number         0  hrguard.o ABSOLUTE
    ../clib/heapaux.c                        0x00000000   Number         0  heapauxi.o ABSOLUTE
    ../clib/libinit.s                        0x00000000   Number         0  libinit.o ABSOLUTE
    ../clib/libinit.s                        0x00000000   Number         0  libinit2.o ABSOLUTE
    ../clib/libinit.s                        0x00000000   Number         0  libshutdown.o ABSOLUTE
    ../clib/libinit.s                        0x00000000   Number         0  libshutdown2.o ABSOLUTE
    ../clib/memcpset.s                       0x00000000   Number         0  rt_memcpy_v6.o ABSOLUTE
    ../clib/memcpset.s                       0x00000000   Number         0  rt_memcpy_w.o ABSOLUTE
    ../clib/memcpset.s                       0x00000000   Number         0  rt_memclr.o ABSOLUTE
    ../clib/memcpset.s                       0x00000000   Number         0  rt_memclr_w.o ABSOLUTE
    ../clib/signal.c                         0x00000000   Number         0  defsig_rtmem_outer.o ABSOLUTE
    ../clib/signal.c                         0x00000000   Number         0  defsig_rtmem_formal.o ABSOLUTE
    ../clib/signal.c                         0x00000000   Number         0  defsig_exit.o ABSOLUTE
    ../clib/signal.c                         0x00000000   Number         0  defsig_rtmem_inner.o ABSOLUTE
    ../clib/signal.c                         0x00000000   Number         0  __raise.o ABSOLUTE
    ../clib/signal.c                         0x00000000   Number         0  defsig_general.o ABSOLUTE
    ../clib/signal.c                         0x00000000   Number         0  defsig_abrt_inner.o ABSOLUTE
    ../clib/signal.c                         0x00000000   Number         0  defsig_fpe_inner.o ABSOLUTE
    ../clib/signal.c                         0x00000000   Number         0  defsig_rtred_inner.o ABSOLUTE
    ../clib/signal.c                         0x00000000   Number         0  defsig_stak_inner.o ABSOLUTE
    ../clib/signal.c                         0x00000000   Number         0  defsig_pvfn_inner.o ABSOLUTE
    ../clib/signal.c                         0x00000000   Number         0  defsig_cppl_inner.o ABSOLUTE
    ../clib/signal.c                         0x00000000   Number         0  defsig_segv_inner.o ABSOLUTE
    ../clib/signal.c                         0x00000000   Number         0  defsig_other.o ABSOLUTE
    ../clib/signal.s                         0x00000000   Number         0  defsig.o ABSOLUTE
    ../clib/stdlib.c                         0x00000000   Number         0  exit.o ABSOLUTE
    ../clib/string.c                         0x00000000   Number         0  memcmp.o ABSOLUTE
    ../fplib/fpinit.s                        0x00000000   Number         0  fpinit.o ABSOLUTE
    CryIf.c                                  0x00000000   Number         0  cryif.o ABSOLUTE
    Crypto.c                                 0x00000000   Number         0  crypto.o ABSOLUTE
    Csm.c                                    0x00000000   Number         0  csm.o ABSOLUTE
    RTE/Device/TM4C123GH6PM/startup_TM4C123.s 0x00000000   Number         0  startup_tm4c123.o ABSOLUTE
    aes.c                                    0x00000000   Number         0  aes.o ABSOLUTE
    dc.s                                     0x00000000   Number         0  dc.o ABSOLUTE
    main.c                                   0x00000000   Number         0  main.o ABSOLUTE
    platform_util.c                          0x00000000   Number         0  platform_util.o ABSOLUTE
    sha256.c                                 0x00000000   Number         0  sha256.o ABSOLUTE
    system_TM4C123.c                         0x00000000   Number         0  system_tm4c123.o ABSOLUTE
    RESET                                    0x00000000   Section      620  startup_tm4c123.o(RESET)
    !!!main                                  0x0000026c   Section        8  __main.o(!!!main)
    !!!scatter                               0x00000274   Section       52  __scatter.o(!!!scatter)
    !!handler_zi                             0x000002a8   Section       28  __scatter_zi.o(!!handler_zi)
    .ARM.Collect$$libinit$$00000000          0x000002c4   Section        2  libinit.o(.ARM.Collect$$libinit$$00000000)
    .ARM.Collect$$libinit$$00000001          0x000002c6   Section        4  libinit2.o(.ARM.Collect$$libinit$$00000001)
    .ARM.Collect$$libinit$$00000004          0x000002ca   Section        0  libinit2.o(.ARM.Collect$$libinit$$00000004)
    .ARM.Collect$$libinit$$0000000A          0x000002ca   Section        0  libinit2.o(.ARM.Collect$$libinit$$0000000A)
    .ARM.Collect$$libinit$$0000000C          0x000002ca   Section        0  libinit2.o(.ARM.Collect$$libinit$$0000000C)
    .ARM.Collect$$libinit$$0000000E          0x000002ca   Section        0  libinit2.o(.ARM.Collect$$libinit$$0000000E)
    .ARM.Collect$$libinit$$00000011          0x000002ca   Section        0  libinit2.o(.ARM.Collect$$libinit$$00000011)
    .ARM.Collect$$libinit$$00000013          0x000002ca   Section        0  libinit2.o(.ARM.Collect$$libinit$$00000013)
    .ARM.Collect$$libinit$$00000015          0x000002ca   Section        0  libinit2.o(.ARM.Collect$$libinit$$00000015)
    .ARM.Collect$$libinit$$00000017          0x000002ca   Section        0  libinit2.o(.ARM.Collect$$libinit$$00000017)
    .ARM.Collect$$libinit$$00000019          0x000002ca   Section        0  libinit2.o(.ARM.Collect$$libinit$$00000019)
    .ARM.Collect$$libinit$$0000001B          0x000002ca   Section        0  libinit2.o(.ARM.Collect$$libinit$$0000001B)
    .ARM.Collect$$libinit$$0000001D          0x000002ca   Section        0  libinit2.o(.ARM.Collect$$libinit$$0000001D)
    .ARM.Collect$$libinit$$0000001F          0x000002ca   Section        0  libinit2.o(.ARM.Collect$$libinit$$0000001F)
    .ARM.Collect$$libinit$$00000021          0x000002ca   Section        0  libinit2.o(.ARM.Collect$$libinit$$00000021)
    .ARM.Collect$$libinit$$00000023          0x000002ca   Section        0  libinit2.o(.ARM.Collect$$libinit$$00000023)
    .ARM.Collect$$libinit$$00000025          0x000002ca   Section        0  libinit2.o(.ARM.Collect$$libinit$$00000025)
    .ARM.Collect$$libinit$$0000002C          0x000002ca   Section        0  libinit2.o(.ARM.Collect$$libinit$$0000002C)
    .ARM.Collect$$libinit$$0000002E          0x000002ca   Section        0  libinit2.o(.ARM.Collect$$libinit$$0000002E)
    .ARM.Collect$$libinit$$00000030          0x000002ca   Section        0  libinit2.o(.ARM.Collect$$libinit$$00000030)
    .ARM.Collect$$libinit$$00000032          0x000002ca   Section        0  libinit2.o(.ARM.Collect$$libinit$$00000032)
    .ARM.Collect$$libinit$$00000033          0x000002ca   Section        2  libinit2.o(.ARM.Collect$$libinit$$00000033)
    .ARM.Collect$$libshutdown$$00000000      0x000002cc   Section        2  libshutdown.o(.ARM.Collect$$libshutdown$$00000000)
    .ARM.Collect$$libshutdown$$00000002      0x000002ce   Section        0  libshutdown2.o(.ARM.Collect$$libshutdown$$00000002)
    .ARM.Collect$$libshutdown$$00000004      0x000002ce   Section        0  libshutdown2.o(.ARM.Collect$$libshutdown$$00000004)
    .ARM.Collect$$libshutdown$$00000007      0x000002ce   Section        0  libshutdown2.o(.ARM.Collect$$libshutdown$$00000007)
    .ARM.Collect$$libshutdown$$0000000A      0x000002ce   Section        0  libshutdown2.o(.ARM.Collect$$libshutdown$$0000000A)
    .ARM.Collect$$libshutdown$$0000000C      0x000002ce   Section        0  libshutdown2.o(.ARM.Collect$$libshutdown$$0000000C)
    .ARM.Collect$$libshutdown$$0000000F      0x000002ce   Section        0  libshutdown2.o(.ARM.Collect$$libshutdown$$0000000F)
    .ARM.Collect$$libshutdown$$00000010      0x000002ce   Section        2  libshutdown2.o(.ARM.Collect$$libshutdown$$00000010)
    .ARM.Collect$$rtentry$$00000000          0x000002d0   Section        0  __rtentry.o(.ARM.Collect$$rtentry$$00000000)
    .ARM.Collect$$rtentry$$00000002          0x000002d0   Section        0  __rtentry2.o(.ARM.Collect$$rtentry$$00000002)
    .ARM.Collect$$rtentry$$00000004          0x000002d0   Section        6  __rtentry4.o(.ARM.Collect$$rtentry$$00000004)
    .ARM.Collect$$rtentry$$00000009          0x000002d6   Section        0  __rtentry2.o(.ARM.Collect$$rtentry$$00000009)
    .ARM.Collect$$rtentry$$0000000A          0x000002d6   Section        4  __rtentry2.o(.ARM.Collect$$rtentry$$0000000A)
    .ARM.Collect$$rtentry$$0000000C          0x000002da   Section        0  __rtentry2.o(.ARM.Collect$$rtentry$$0000000C)
    .ARM.Collect$$rtentry$$0000000D          0x000002da   Section        8  __rtentry2.o(.ARM.Collect$$rtentry$$0000000D)
    .ARM.Collect$$rtexit$$00000000           0x000002e2   Section        2  rtexit.o(.ARM.Collect$$rtexit$$00000000)
    .ARM.Collect$$rtexit$$00000002           0x000002e4   Section        0  rtexit2.o(.ARM.Collect$$rtexit$$00000002)
    .ARM.Collect$$rtexit$$00000003           0x000002e4   Section        4  rtexit2.o(.ARM.Collect$$rtexit$$00000003)
    .ARM.Collect$$rtexit$$00000004           0x000002e8   Section        6  rtexit2.o(.ARM.Collect$$rtexit$$00000004)
    $v0                                      0x000002f0   Number         0  startup_tm4c123.o(.text)
    .text                                    0x000002f0   Section      276  startup_tm4c123.o(.text)
    .text                                    0x00000404   Section        0  memcmp.o(.text)
    .text                                    0x0000045c   Section      138  rt_memcpy_v6.o(.text)
    .text                                    0x000004e6   Section      100  rt_memcpy_w.o(.text)
    .text                                    0x0000054a   Section       68  rt_memclr.o(.text)
    .text                                    0x0000058e   Section       78  rt_memclr_w.o(.text)
    .text                                    0x000005dc   Section        0  heapauxi.o(.text)
    .text                                    0x000005e2   Section       74  sys_stackheap_outer.o(.text)
    .text                                    0x0000062c   Section        0  exit.o(.text)
    .text                                    0x00000640   Section        8  libspace.o(.text)
    .text                                    0x00000648   Section        0  sys_exit.o(.text)
    .text                                    0x00000654   Section        2  use_no_semi.o(.text)
    .text                                    0x00000656   Section        0  indicate_semi.o(.text)
    CryIf_GetDriverObjectId                  0x00000659   Thumb Code    12  cryif.o(.text.CryIf_GetDriverObjectId)
    [Anonymous Symbol]                       0x00000658   Section        0  cryif.o(.text.CryIf_GetDriverObjectId)
    [Anonymous Symbol]                       0x00000664   Section        0  cryif.o(.text.CryIf_ProcessJob)
    [Anonymous Symbol]                       0x00000688   Section        0  crypto.o(.text.Crypto_ProcessJob)
    [Anonymous Symbol]                       0x000006b8   Section        0  crypto.o(.text.Crypto_SetKey)
    [Anonymous Symbol]                       0x000006f0   Section        0  crypto.o(.text.Crypto_SetKeyValid)
    [Anonymous Symbol]                       0x00000704   Section        0  csm.o(.text.Csm_Encrypt)
    [Anonymous Symbol]                       0x00000748   Section        0  csm.o(.text.Csm_Hash)
    [Anonymous Symbol]                       0x00000784   Section        0  csm.o(.text.Csm_SetKey)
    [Anonymous Symbol]                       0x00000794   Section        0  csm.o(.text.Csm_SetKeyValid)
    ProcessEncryptAesEcb                     0x000007a1   Thumb Code   116  crypto.o(.text.ProcessEncryptAesEcb)
    [Anonymous Symbol]                       0x000007a0   Section        0  crypto.o(.text.ProcessEncryptAesEcb)
    ProcessHashGenerateSha256                0x00000815   Thumb Code    44  crypto.o(.text.ProcessHashGenerateSha256)
    [Anonymous Symbol]                       0x00000814   Section        0  crypto.o(.text.ProcessHashGenerateSha256)
    [Anonymous Symbol]                       0x00000840   Section        0  system_tm4c123.o(.text.SystemInit)
    [Anonymous Symbol]                       0x000008b0   Section        0  main.o(.text.main)
    [Anonymous Symbol]                       0x00000a94   Section        0  aes.o(.text.mbedtls_aes_crypt_ecb)
    [Anonymous Symbol]                       0x00000ab4   Section        0  aes.o(.text.mbedtls_aes_free)
    [Anonymous Symbol]                       0x00000acc   Section        0  aes.o(.text.mbedtls_aes_init)
    [Anonymous Symbol]                       0x00000ad8   Section        0  aes.o(.text.mbedtls_aes_setkey_enc)
    [Anonymous Symbol]                       0x00000ce4   Section        0  aes.o(.text.mbedtls_internal_aes_decrypt)
    [Anonymous Symbol]                       0x00000fc8   Section        0  aes.o(.text.mbedtls_internal_aes_encrypt)
    [Anonymous Symbol]                       0x000012b0   Section        0  sha256.o(.text.mbedtls_internal_sha256_process)
    [Anonymous Symbol]                       0x000019e4   Section        0  platform_util.o(.text.mbedtls_platform_zeroize)
    [Anonymous Symbol]                       0x000019fc   Section        0  sha256.o(.text.mbedtls_sha256)
    [Anonymous Symbol]                       0x00001a04   Section        0  sha256.o(.text.mbedtls_sha256_finish_ret)
    [Anonymous Symbol]                       0x00001b24   Section        0  sha256.o(.text.mbedtls_sha256_free)
    [Anonymous Symbol]                       0x00001b38   Section        0  sha256.o(.text.mbedtls_sha256_init)
    [Anonymous Symbol]                       0x00001b44   Section        0  sha256.o(.text.mbedtls_sha256_ret)
    [Anonymous Symbol]                       0x00001b84   Section        0  sha256.o(.text.mbedtls_sha256_starts_ret)
    [Anonymous Symbol]                       0x00001c40   Section        0  sha256.o(.text.mbedtls_sha256_update_ret)
    uart0_init                               0x00001ccd   Thumb Code   138  main.o(.text.uart0_init)
    [Anonymous Symbol]                       0x00001ccc   Section        0  main.o(.text.uart0_init)
    uart0_print_hex_buf                      0x00001d59   Thumb Code    50  main.o(.text.uart0_print_hex_buf)
    [Anonymous Symbol]                       0x00001d58   Section        0  main.o(.text.uart0_print_hex_buf)
    uart0_putc                               0x00001d8d   Thumb Code    18  main.o(.text.uart0_putc)
    [Anonymous Symbol]                       0x00001d8c   Section        0  main.o(.text.uart0_putc)
    uart0_puts                               0x00001da1   Thumb Code    36  main.o(.text.uart0_puts)
    [Anonymous Symbol]                       0x00001da0   Section        0  main.o(.text.uart0_puts)
    $v0                                      0x00001dc4   Number         0  fpinit.o(x$fpl$fpinit)
    x$fpl$fpinit                             0x00001dc4   Section       26  fpinit.o(x$fpl$fpinit)
    FSb                                      0x00001dde   Data         256  aes.o(.rodata.FSb)
    [Anonymous Symbol]                       0x00001dde   Section        0  aes.o(.rodata.FSb)
    FT0                                      0x00001ee0   Data        1024  aes.o(.rodata.FT0)
    [Anonymous Symbol]                       0x00001ee0   Section        0  aes.o(.rodata.FT0)
    FT1                                      0x000022e0   Data        1024  aes.o(.rodata.FT1)
    [Anonymous Symbol]                       0x000022e0   Section        0  aes.o(.rodata.FT1)
    FT2                                      0x000026e0   Data        1024  aes.o(.rodata.FT2)
    [Anonymous Symbol]                       0x000026e0   Section        0  aes.o(.rodata.FT2)
    FT3                                      0x00002ae0   Data        1024  aes.o(.rodata.FT3)
    [Anonymous Symbol]                       0x00002ae0   Section        0  aes.o(.rodata.FT3)
    K                                        0x00002ee0   Data         256  sha256.o(.rodata.K)
    [Anonymous Symbol]                       0x00002ee0   Section        0  sha256.o(.rodata.K)
    RSb                                      0x00002fe0   Data         256  aes.o(.rodata.RSb)
    [Anonymous Symbol]                       0x00002fe0   Section        0  aes.o(.rodata.RSb)
    RT0                                      0x000030e0   Data        1024  aes.o(.rodata.RT0)
    [Anonymous Symbol]                       0x000030e0   Section        0  aes.o(.rodata.RT0)
    RT1                                      0x000034e0   Data        1024  aes.o(.rodata.RT1)
    [Anonymous Symbol]                       0x000034e0   Section        0  aes.o(.rodata.RT1)
    RT2                                      0x000038e0   Data        1024  aes.o(.rodata.RT2)
    [Anonymous Symbol]                       0x000038e0   Section        0  aes.o(.rodata.RT2)
    RT3                                      0x00003ce0   Data        1024  aes.o(.rodata.RT3)
    [Anonymous Symbol]                       0x00003ce0   Section        0  aes.o(.rodata.RT3)
    g_aesExpected                            0x000040e0   Data          16  main.o(.rodata.g_aesExpected)
    [Anonymous Symbol]                       0x000040e0   Section        0  main.o(.rodata.g_aesExpected)
    g_aesInput                               0x000040f0   Data          16  main.o(.rodata.g_aesInput)
    [Anonymous Symbol]                       0x000040f0   Section        0  main.o(.rodata.g_aesInput)
    g_aesKey                                 0x00004100   Data          16  main.o(.rodata.g_aesKey)
    [Anonymous Symbol]                       0x00004100   Section        0  main.o(.rodata.g_aesKey)
    g_hashExpected                           0x00004110   Data          32  main.o(.rodata.g_hashExpected)
    [Anonymous Symbol]                       0x00004110   Section        0  main.o(.rodata.g_hashExpected)
    g_hashMsg                                0x00004130   Data          16  main.o(.rodata.g_hashMsg)
    [Anonymous Symbol]                       0x00004130   Section        0  main.o(.rodata.g_hashMsg)
    round_constants                          0x00004140   Data          40  aes.o(.rodata.round_constants)
    [Anonymous Symbol]                       0x00004140   Section        0  aes.o(.rodata.round_constants)
    .L.str.10                                0x00004168   Data          22  main.o(.rodata.str1.1)
    [Anonymous Symbol]                       0x00004168   Section        0  main.o(.rodata.str1.1)
    .L.str.5                                 0x0000417e   Data          14  main.o(.rodata.str1.1)
    .L.str.4                                 0x0000418c   Data          14  main.o(.rodata.str1.1)
    .L.str.3                                 0x0000419a   Data          13  main.o(.rodata.str1.1)
    uart0_print_hex_buf.hexch                0x000041a7   Data          17  main.o(.rodata.str1.1)
    .L.str.7                                 0x000041b8   Data           5  main.o(.rodata.str1.1)
    .L.str.6                                 0x000041bd   Data           5  main.o(.rodata.str1.1)
    .bss                                     0x20000000   Section       96  libspace.o(.bss)
    s_aesKey                                 0x20000060   Data          32  crypto.o(.bss.s_aesKey)
    [Anonymous Symbol]                       0x20000060   Section        0  crypto.o(.bss.s_aesKey)
    s_aesKeyLenBits                          0x20000080   Data           4  crypto.o(.bss.s_aesKeyLenBits)
    [Anonymous Symbol]                       0x20000080   Section        0  crypto.o(.bss.s_aesKeyLenBits)
    s_aesKeyValid                            0x20000084   Data           1  crypto.o(.bss.s_aesKeyValid)
    [Anonymous Symbol]                       0x20000084   Section        0  crypto.o(.bss.s_aesKeyValid)
    Heap_Mem                                 0x20000088   Data           0  startup_tm4c123.o(HEAP)
    Stack_Mem                                0x20000088   Data         512  startup_tm4c123.o(STACK)
    HEAP                                     0x20000088   Section        0  startup_tm4c123.o(HEAP)
    STACK                                    0x20000088   Section      512  startup_tm4c123.o(STACK)
    __initial_sp                             0x20000288   Data           0  startup_tm4c123.o(STACK)

    Global Symbols

    Symbol Name                              Value     Ov Type        Size  Object(Section)

    BuildAttributes$$THM_ISAv4$E$P$D$K$B$S$7EM$VFPi3$EXTD16$VFPS$VFMA$PE$A:L22UL41UL21$X:L11$S22US41US21$IEEE1$IW$~IW$USESV6$~STKCKD$USESV7$~SHL$OTIME$ROPI$EBA8$UX$STANDARDLIB$REQ8$PRES8$EABIv2 0x00000000   Number         0  anon$$obj.o ABSOLUTE
    __Vectors                                0x00000000   Data           4  startup_tm4c123.o(RESET)
    __ARM_exceptions_init                     - Undefined Weak Reference
    __alloca_initialize                       - Undefined Weak Reference
    __arm_preinit_                            - Undefined Weak Reference
    __cpp_initialize__aeabi_                  - Undefined Weak Reference
    __cxa_finalize                            - Undefined Weak Reference
    __rt_locale                               - Undefined Weak Reference
    __sigvec_lookup                           - Undefined Weak Reference
    _atexit_init                              - Undefined Weak Reference
    _call_atexit_fns                          - Undefined Weak Reference
    _clock_init                               - Undefined Weak Reference
    _fp_trap_init                             - Undefined Weak Reference
    _fp_trap_shutdown                         - Undefined Weak Reference
    _get_lc_collate                           - Undefined Weak Reference
    _get_lc_ctype                             - Undefined Weak Reference
    _get_lc_monetary                          - Undefined Weak Reference
    _get_lc_numeric                           - Undefined Weak Reference
    _get_lc_time                              - Undefined Weak Reference
    _getenv_init                              - Undefined Weak Reference
    _handle_redirection                       - Undefined Weak Reference
    _init_alloc                               - Undefined Weak Reference
    _init_user_alloc                          - Undefined Weak Reference
    _initio                                   - Undefined Weak Reference
    _rand_init                                - Undefined Weak Reference
    _signal_finish                            - Undefined Weak Reference
    _signal_init                              - Undefined Weak Reference
    _terminate_alloc                          - Undefined Weak Reference
    _terminate_user_alloc                     - Undefined Weak Reference
    _terminateio                              - Undefined Weak Reference
    __Vectors_End                            0x0000026c   Data           0  startup_tm4c123.o(RESET)
    __Vectors_Size                           0x0000026c   Number         0  startup_tm4c123.o ABSOLUTE
    __main                                   0x0000026d   Thumb Code     8  __main.o(!!!main)
    __scatterload                            0x00000275   Thumb Code     0  __scatter.o(!!!scatter)
    __scatterload_rt2                        0x00000275   Thumb Code    44  __scatter.o(!!!scatter)
    __scatterload_rt2_thumb_only             0x00000275   Thumb Code     0  __scatter.o(!!!scatter)
    __scatterload_null                       0x00000283   Thumb Code     0  __scatter.o(!!!scatter)
    __scatterload_zeroinit                   0x000002a9   Thumb Code    28  __scatter_zi.o(!!handler_zi)
    __rt_lib_init                            0x000002c5   Thumb Code     0  libinit.o(.ARM.Collect$$libinit$$00000000)
    __rt_lib_init_fp_1                       0x000002c7   Thumb Code     0  libinit2.o(.ARM.Collect$$libinit$$00000001)
    __rt_lib_init_alloca_1                   0x000002cb   Thumb Code     0  libinit2.o(.ARM.Collect$$libinit$$0000002E)
    __rt_lib_init_argv_1                     0x000002cb   Thumb Code     0  libinit2.o(.ARM.Collect$$libinit$$0000002C)
    __rt_lib_init_atexit_1                   0x000002cb   Thumb Code     0  libinit2.o(.ARM.Collect$$libinit$$0000001B)
    __rt_lib_init_clock_1                    0x000002cb   Thumb Code     0  libinit2.o(.ARM.Collect$$libinit$$00000021)
    __rt_lib_init_cpp_1                      0x000002cb   Thumb Code     0  libinit2.o(.ARM.Collect$$libinit$$00000032)
    __rt_lib_init_exceptions_1               0x000002cb   Thumb Code     0  libinit2.o(.ARM.Collect$$libinit$$00000030)
    __rt_lib_init_fp_trap_1                  0x000002cb   Thumb Code     0  libinit2.o(.ARM.Collect$$libinit$$0000001F)
    __rt_lib_init_getenv_1                   0x000002cb   Thumb Code     0  libinit2.o(.ARM.Collect$$libinit$$00000023)
    __rt_lib_init_heap_1                     0x000002cb   Thumb Code     0  libinit2.o(.ARM.Collect$$libinit$$0000000A)
    __rt_lib_init_lc_collate_1               0x000002cb   Thumb Code     0  libinit2.o(.ARM.Collect$$libinit$$00000011)
    __rt_lib_init_lc_ctype_1                 0x000002cb   Thumb Code     0  libinit2.o(.ARM.Collect$$libinit$$00000013)
    __rt_lib_init_lc_monetary_1              0x000002cb   Thumb Code     0  libinit2.o(.ARM.Collect$$libinit$$00000015)
    __rt_lib_init_lc_numeric_1               0x000002cb   Thumb Code     0  libinit2.o(.ARM.Collect$$libinit$$00000017)
    __rt_lib_init_lc_time_1                  0x000002cb   Thumb Code     0  libinit2.o(.ARM.Collect$$libinit$$00000019)
    __rt_lib_init_preinit_1                  0x000002cb   Thumb Code     0  libinit2.o(.ARM.Collect$$libinit$$00000004)
    __rt_lib_init_rand_1                     0x000002cb   Thumb Code     0  libinit2.o(.ARM.Collect$$libinit$$0000000E)
    __rt_lib_init_return                     0x000002cb   Thumb Code     0  libinit2.o(.ARM.Collect$$libinit$$00000033)
    __rt_lib_init_signal_1                   0x000002cb   Thumb Code     0  libinit2.o(.ARM.Collect$$libinit$$0000001D)
    __rt_lib_init_stdio_1                    0x000002cb   Thumb Code     0  libinit2.o(.ARM.Collect$$libinit$$00000025)
    __rt_lib_init_user_alloc_1               0x000002cb   Thumb Code     0  libinit2.o(.ARM.Collect$$libinit$$0000000C)
    __rt_lib_shutdown                        0x000002cd   Thumb Code     0  libshutdown.o(.ARM.Collect$$libshutdown$$00000000)
    __rt_lib_shutdown_cpp_1                  0x000002cf   Thumb Code     0  libshutdown2.o(.ARM.Collect$$libshutdown$$00000002)
    __rt_lib_shutdown_fp_trap_1              0x000002cf   Thumb Code     0  libshutdown2.o(.ARM.Collect$$libshutdown$$00000007)
    __rt_lib_shutdown_heap_1                 0x000002cf   Thumb Code     0  libshutdown2.o(.ARM.Collect$$libshutdown$$0000000F)
    __rt_lib_shutdown_return                 0x000002cf   Thumb Code     0  libshutdown2.o(.ARM.Collect$$libshutdown$$00000010)
    __rt_lib_shutdown_signal_1               0x000002cf   Thumb Code     0  libshutdown2.o(.ARM.Collect$$libshutdown$$0000000A)
    __rt_lib_shutdown_stdio_1                0x000002cf   Thumb Code     0  libshutdown2.o(.ARM.Collect$$libshutdown$$00000004)
    __rt_lib_shutdown_user_alloc_1           0x000002cf   Thumb Code     0  libshutdown2.o(.ARM.Collect$$libshutdown$$0000000C)
    __rt_entry                               0x000002d1   Thumb Code     0  __rtentry.o(.ARM.Collect$$rtentry$$00000000)
    __rt_entry_presh_1                       0x000002d1   Thumb Code     0  __rtentry2.o(.ARM.Collect$$rtentry$$00000002)
    __rt_entry_sh                            0x000002d1   Thumb Code     0  __rtentry4.o(.ARM.Collect$$rtentry$$00000004)
    __rt_entry_li                            0x000002d7   Thumb Code     0  __rtentry2.o(.ARM.Collect$$rtentry$$0000000A)
    __rt_entry_postsh_1                      0x000002d7   Thumb Code     0  __rtentry2.o(.ARM.Collect$$rtentry$$00000009)
    __rt_entry_main                          0x000002db   Thumb Code     0  __rtentry2.o(.ARM.Collect$$rtentry$$0000000D)
    __rt_entry_postli_1                      0x000002db   Thumb Code     0  __rtentry2.o(.ARM.Collect$$rtentry$$0000000C)
    __rt_exit                                0x000002e3   Thumb Code     0  rtexit.o(.ARM.Collect$$rtexit$$00000000)
    __rt_exit_ls                             0x000002e5   Thumb Code     0  rtexit2.o(.ARM.Collect$$rtexit$$00000003)
    __rt_exit_prels_1                        0x000002e5   Thumb Code     0  rtexit2.o(.ARM.Collect$$rtexit$$00000002)
    __rt_exit_exit                           0x000002e9   Thumb Code     0  rtexit2.o(.ARM.Collect$$rtexit$$00000004)
    Reset_Handler                            0x000002f1   Thumb Code     8  startup_tm4c123.o(.text)
    NMI_Handler                              0x000002f9   Thumb Code     2  startup_tm4c123.o(.text)
    HardFault_Handler                        0x000002fb   Thumb Code     2  startup_tm4c123.o(.text)
    MemManage_Handler                        0x000002fd   Thumb Code     2  startup_tm4c123.o(.text)
    BusFault_Handler                         0x000002ff   Thumb Code     2  startup_tm4c123.o(.text)
    UsageFault_Handler                       0x00000301   Thumb Code     2  startup_tm4c123.o(.text)
    SVC_Handler                              0x00000303   Thumb Code     2  startup_tm4c123.o(.text)
    DebugMon_Handler                         0x00000305   Thumb Code     2  startup_tm4c123.o(.text)
    PendSV_Handler                           0x00000307   Thumb Code     2  startup_tm4c123.o(.text)
    SysTick_Handler                          0x00000309   Thumb Code     2  startup_tm4c123.o(.text)
    GPIOA_Handler                            0x0000030b   Thumb Code     2  startup_tm4c123.o(.text)
    GPIOB_Handler                            0x0000030d   Thumb Code     2  startup_tm4c123.o(.text)
    GPIOC_Handler                            0x0000030f   Thumb Code     2  startup_tm4c123.o(.text)
    GPIOD_Handler                            0x00000311   Thumb Code     2  startup_tm4c123.o(.text)
    GPIOE_Handler                            0x00000313   Thumb Code     2  startup_tm4c123.o(.text)
    UART0_Handler                            0x00000315   Thumb Code     2  startup_tm4c123.o(.text)
    UART1_Handler                            0x00000317   Thumb Code     2  startup_tm4c123.o(.text)
    SSI0_Handler                             0x00000319   Thumb Code     2  startup_tm4c123.o(.text)
    I2C0_Handler                             0x0000031b   Thumb Code     2  startup_tm4c123.o(.text)
    PMW0_FAULT_Handler                       0x0000031d   Thumb Code     2  startup_tm4c123.o(.text)
    PWM0_0_Handler                           0x0000031f   Thumb Code     2  startup_tm4c123.o(.text)
    PWM0_1_Handler                           0x00000321   Thumb Code     2  startup_tm4c123.o(.text)
    PWM0_2_Handler                           0x00000323   Thumb Code     2  startup_tm4c123.o(.text)
    QEI0_Handler                             0x00000325   Thumb Code     2  startup_tm4c123.o(.text)
    ADC0SS0_Handler                          0x00000327   Thumb Code     2  startup_tm4c123.o(.text)
    ADC0SS1_Handler                          0x00000329   Thumb Code     2  startup_tm4c123.o(.text)
    ADC0SS2_Handler                          0x0000032b   Thumb Code     2  startup_tm4c123.o(.text)
    ADC0SS3_Handler                          0x0000032d   Thumb Code     2  startup_tm4c123.o(.text)
    WDT0_Handler                             0x0000032f   Thumb Code     2  startup_tm4c123.o(.text)
    TIMER0A_Handler                          0x00000331   Thumb Code     2  startup_tm4c123.o(.text)
    TIMER0B_Handler                          0x00000333   Thumb Code     2  startup_tm4c123.o(.text)
    TIMER1A_Handler                          0x00000335   Thumb Code     2  startup_tm4c123.o(.text)
    TIMER1B_Handler                          0x00000337   Thumb Code     2  startup_tm4c123.o(.text)
    TIMER2A_Handler                          0x00000339   Thumb Code     2  startup_tm4c123.o(.text)
    TIMER2B_Handler                          0x0000033b   Thumb Code     2  startup_tm4c123.o(.text)
    COMP0_Handler                            0x0000033d   Thumb Code     2  startup_tm4c123.o(.text)
    COMP1_Handler                            0x0000033f   Thumb Code     2  startup_tm4c123.o(.text)
    COMP2_Handler                            0x00000341   Thumb Code     2  startup_tm4c123.o(.text)
    SYSCTL_Handler                           0x00000343   Thumb Code     2  startup_tm4c123.o(.text)
    FLASH_Handler                            0x00000345   Thumb Code     2  startup_tm4c123.o(.text)
    GPIOF_Handler                            0x00000347   Thumb Code     2  startup_tm4c123.o(.text)
    GPIOG_Handler                            0x00000349   Thumb Code     2  startup_tm4c123.o(.text)
    GPIOH_Handler                            0x0000034b   Thumb Code     2  startup_tm4c123.o(.text)
    UART2_Handler                            0x0000034d   Thumb Code     2  startup_tm4c123.o(.text)
    SSI1_Handler                             0x0000034f   Thumb Code     2  startup_tm4c123.o(.text)
    TIMER3A_Handler                          0x00000351   Thumb Code     2  startup_tm4c123.o(.text)
    TIMER3B_Handler                          0x00000353   Thumb Code     2  startup_tm4c123.o(.text)
    I2C1_Handler                             0x00000355   Thumb Code     2  startup_tm4c123.o(.text)
    QEI1_Handler                             0x00000357   Thumb Code     2  startup_tm4c123.o(.text)
    CAN0_Handler                             0x00000359   Thumb Code     2  startup_tm4c123.o(.text)
    CAN1_Handler                             0x0000035b   Thumb Code     2  startup_tm4c123.o(.text)
    CAN2_Handler                             0x0000035d   Thumb Code     2  startup_tm4c123.o(.text)
    HIB_Handler                              0x0000035f   Thumb Code     2  startup_tm4c123.o(.text)
    USB0_Handler                             0x00000361   Thumb Code     2  startup_tm4c123.o(.text)
    PWM0_3_Handler                           0x00000363   Thumb Code     2  startup_tm4c123.o(.text)
    UDMA_Handler                             0x00000365   Thumb Code     2  startup_tm4c123.o(.text)
    UDMAERR_Handler                          0x00000367   Thumb Code     2  startup_tm4c123.o(.text)
    ADC1SS0_Handler                          0x00000369   Thumb Code     2  startup_tm4c123.o(.text)
    ADC1SS1_Handler                          0x0000036b   Thumb Code     2  startup_tm4c123.o(.text)
    ADC1SS2_Handler                          0x0000036d   Thumb Code     2  startup_tm4c123.o(.text)
    ADC1SS3_Handler                          0x0000036f   Thumb Code     2  startup_tm4c123.o(.text)
    GPIOJ_Handler                            0x00000371   Thumb Code     2  startup_tm4c123.o(.text)
    GPIOK_Handler                            0x00000373   Thumb Code     2  startup_tm4c123.o(.text)
    GPIOL_Handler                            0x00000375   Thumb Code     2  startup_tm4c123.o(.text)
    SSI2_Handler                             0x00000377   Thumb Code     2  startup_tm4c123.o(.text)
    SSI3_Handler                             0x00000379   Thumb Code     2  startup_tm4c123.o(.text)
    UART3_Handler                            0x0000037b   Thumb Code     2  startup_tm4c123.o(.text)
    UART4_Handler                            0x0000037d   Thumb Code     2  startup_tm4c123.o(.text)
    UART5_Handler                            0x0000037f   Thumb Code     2  startup_tm4c123.o(.text)
    UART6_Handler                            0x00000381   Thumb Code     2  startup_tm4c123.o(.text)
    UART7_Handler                            0x00000383   Thumb Code     2  startup_tm4c123.o(.text)
    I2C2_Handler                             0x00000385   Thumb Code     2  startup_tm4c123.o(.text)
    I2C3_Handler                             0x00000387   Thumb Code     2  startup_tm4c123.o(.text)
    TIMER4A_Handler                          0x00000389   Thumb Code     2  startup_tm4c123.o(.text)
    TIMER4B_Handler                          0x0000038b   Thumb Code     2  startup_tm4c123.o(.text)
    TIMER5A_Handler                          0x0000038d   Thumb Code     2  startup_tm4c123.o(.text)
    TIMER5B_Handler                          0x0000038f   Thumb Code     2  startup_tm4c123.o(.text)
    WTIMER0A_Handler                         0x00000391   Thumb Code     2  startup_tm4c123.o(.text)
    WTIMER0B_Handler                         0x00000393   Thumb Code     2  startup_tm4c123.o(.text)
    WTIMER1A_Handler                         0x00000395   Thumb Code     2  startup_tm4c123.o(.text)
    WTIMER1B_Handler                         0x00000397   Thumb Code     2  startup_tm4c123.o(.text)
    WTIMER2A_Handler                         0x00000399   Thumb Code     2  startup_tm4c123.o(.text)
    WTIMER2B_Handler                         0x0000039b   Thumb Code     2  startup_tm4c123.o(.text)
    WTIMER3A_Handler                         0x0000039d   Thumb Code     2  startup_tm4c123.o(.text)
    WTIMER3B_Handler                         0x0000039f   Thumb Code     2  startup_tm4c123.o(.text)
    WTIMER4A_Handler                         0x000003a1   Thumb Code     2  startup_tm4c123.o(.text)
    WTIMER4B_Handler                         0x000003a3   Thumb Code     2  startup_tm4c123.o(.text)
    WTIMER5A_Handler                         0x000003a5   Thumb Code     2  startup_tm4c123.o(.text)
    WTIMER5B_Handler                         0x000003a7   Thumb Code     2  startup_tm4c123.o(.text)
    FPU_Handler                              0x000003a9   Thumb Code     2  startup_tm4c123.o(.text)
    I2C4_Handler                             0x000003ab   Thumb Code     2  startup_tm4c123.o(.text)
    I2C5_Handler                             0x000003ad   Thumb Code     2  startup_tm4c123.o(.text)
    GPIOM_Handler                            0x000003af   Thumb Code     2  startup_tm4c123.o(.text)
    GPION_Handler                            0x000003b1   Thumb Code     2  startup_tm4c123.o(.text)
    QEI2_Handler                             0x000003b3   Thumb Code     2  startup_tm4c123.o(.text)
    GPIOP0_Handler                           0x000003b5   Thumb Code     2  startup_tm4c123.o(.text)
    GPIOP1_Handler                           0x000003b7   Thumb Code     2  startup_tm4c123.o(.text)
    GPIOP2_Handler                           0x000003b9   Thumb Code     2  startup_tm4c123.o(.text)
    GPIOP3_Handler                           0x000003bb   Thumb Code     2  startup_tm4c123.o(.text)
    GPIOP4_Handler                           0x000003bd   Thumb Code     2  startup_tm4c123.o(.text)
    GPIOP5_Handler                           0x000003bf   Thumb Code     2  startup_tm4c123.o(.text)
    GPIOP6_Handler                           0x000003c1   Thumb Code     2  startup_tm4c123.o(.text)
    GPIOP7_Handler                           0x000003c3   Thumb Code     2  startup_tm4c123.o(.text)
    GPIOQ0_Handler                           0x000003c5   Thumb Code     2  startup_tm4c123.o(.text)
    GPIOQ1_Handler                           0x000003c7   Thumb Code     2  startup_tm4c123.o(.text)
    GPIOQ2_Handler                           0x000003c9   Thumb Code     2  startup_tm4c123.o(.text)
    GPIOQ3_Handler                           0x000003cb   Thumb Code     2  startup_tm4c123.o(.text)
    GPIOQ4_Handler                           0x000003cd   Thumb Code     2  startup_tm4c123.o(.text)
    GPIOQ5_Handler                           0x000003cf   Thumb Code     2  startup_tm4c123.o(.text)
    GPIOQ6_Handler                           0x000003d1   Thumb Code     2  startup_tm4c123.o(.text)
    GPIOQ7_Handler                           0x000003d3   Thumb Code     2  startup_tm4c123.o(.text)
    GPIOR_Handler                            0x000003d5   Thumb Code     2  startup_tm4c123.o(.text)
    GPIOS_Handler                            0x000003d7   Thumb Code     2  startup_tm4c123.o(.text)
    PMW1_0_Handler                           0x000003d9   Thumb Code     2  startup_tm4c123.o(.text)
    PWM1_1_Handler                           0x000003db   Thumb Code     2  startup_tm4c123.o(.text)
    PWM1_2_Handler                           0x000003dd   Thumb Code     2  startup_tm4c123.o(.text)
    PWM1_3_Handler                           0x000003df   Thumb Code     2  startup_tm4c123.o(.text)
    PWM1_FAULT_Handler                       0x000003e1   Thumb Code     2  startup_tm4c123.o(.text)
    __user_initial_stackheap                 0x000003e5   Thumb Code     0  startup_tm4c123.o(.text)
    memcmp                                   0x00000405   Thumb Code    88  memcmp.o(.text)
    __aeabi_memcpy                           0x0000045d   Thumb Code     0  rt_memcpy_v6.o(.text)
    __rt_memcpy                              0x0000045d   Thumb Code   138  rt_memcpy_v6.o(.text)
    _memcpy_lastbytes                        0x000004c3   Thumb Code     0  rt_memcpy_v6.o(.text)
    __aeabi_memcpy4                          0x000004e7   Thumb Code     0  rt_memcpy_w.o(.text)
    __aeabi_memcpy8                          0x000004e7   Thumb Code     0  rt_memcpy_w.o(.text)
    __rt_memcpy_w                            0x000004e7   Thumb Code   100  rt_memcpy_w.o(.text)
    _memcpy_lastbytes_aligned                0x0000052f   Thumb Code     0  rt_memcpy_w.o(.text)
    __aeabi_memclr                           0x0000054b   Thumb Code     0  rt_memclr.o(.text)
    __rt_memclr                              0x0000054b   Thumb Code    68  rt_memclr.o(.text)
    _memset                                  0x0000054f   Thumb Code     0  rt_memclr.o(.text)
    __aeabi_memclr4                          0x0000058f   Thumb Code     0  rt_memclr_w.o(.text)
    __aeabi_memclr8                          0x0000058f   Thumb Code     0  rt_memclr_w.o(.text)
    __rt_memclr_w                            0x0000058f   Thumb Code    78  rt_memclr_w.o(.text)
    _memset_w                                0x00000593   Thumb Code     0  rt_memclr_w.o(.text)
    __use_two_region_memory                  0x000005dd   Thumb Code     2  heapauxi.o(.text)
    __rt_heap_escrow$2region                 0x000005df   Thumb Code     2  heapauxi.o(.text)
    __rt_heap_expand$2region                 0x000005e1   Thumb Code     2  heapauxi.o(.text)
    __user_setup_stackheap                   0x000005e3   Thumb Code    74  sys_stackheap_outer.o(.text)
    exit                                     0x0000062d   Thumb Code    18  exit.o(.text)
    __user_libspace                          0x00000641   Thumb Code     8  libspace.o(.text)
    __user_perproc_libspace                  0x00000641   Thumb Code     0  libspace.o(.text)
    __user_perthread_libspace                0x00000641   Thumb Code     0  libspace.o(.text)
    _sys_exit                                0x00000649   Thumb Code     8  sys_exit.o(.text)
    __I$use$semihosting                      0x00000655   Thumb Code     0  use_no_semi.o(.text)
    __use_no_semihosting_swi                 0x00000655   Thumb Code     2  use_no_semi.o(.text)
    __semihosting_library_function           0x00000657   Thumb Code     0  indicate_semi.o(.text)
    CryIf_ProcessJob                         0x00000665   Thumb Code    34  cryif.o(.text.CryIf_ProcessJob)
    Crypto_ProcessJob                        0x00000689   Thumb Code    48  crypto.o(.text.Crypto_ProcessJob)
    Crypto_SetKey                            0x000006b9   Thumb Code    56  crypto.o(.text.Crypto_SetKey)
    Crypto_SetKeyValid                       0x000006f1   Thumb Code    20  crypto.o(.text.Crypto_SetKeyValid)
    Csm_Encrypt                              0x00000705   Thumb Code    68  csm.o(.text.Csm_Encrypt)
    Csm_Hash                                 0x00000749   Thumb Code    58  csm.o(.text.Csm_Hash)
    Csm_SetKey                               0x00000785   Thumb Code    14  csm.o(.text.Csm_SetKey)
    Csm_SetKeyValid                          0x00000795   Thumb Code    12  csm.o(.text.Csm_SetKeyValid)
    SystemInit                               0x00000841   Thumb Code   112  system_tm4c123.o(.text.SystemInit)
    main                                     0x000008b1   Thumb Code   484  main.o(.text.main)
    mbedtls_aes_crypt_ecb                    0x00000a95   Thumb Code    30  aes.o(.text.mbedtls_aes_crypt_ecb)
    mbedtls_aes_free                         0x00000ab5   Thumb Code    22  aes.o(.text.mbedtls_aes_free)
    mbedtls_aes_init                         0x00000acd   Thumb Code    12  aes.o(.text.mbedtls_aes_init)
    mbedtls_aes_setkey_enc                   0x00000ad9   Thumb Code   522  aes.o(.text.mbedtls_aes_setkey_enc)
    mbedtls_internal_aes_decrypt             0x00000ce5   Thumb Code   740  aes.o(.text.mbedtls_internal_aes_decrypt)
    mbedtls_internal_aes_encrypt             0x00000fc9   Thumb Code   742  aes.o(.text.mbedtls_internal_aes_encrypt)
    mbedtls_internal_sha256_process          0x000012b1   Thumb Code  1842  sha256.o(.text.mbedtls_internal_sha256_process)
    mbedtls_platform_zeroize                 0x000019e5   Thumb Code    22  platform_util.o(.text.mbedtls_platform_zeroize)
    mbedtls_sha256                           0x000019fd   Thumb Code     8  sha256.o(.text.mbedtls_sha256)
    mbedtls_sha256_finish_ret                0x00001a05   Thumb Code   286  sha256.o(.text.mbedtls_sha256_finish_ret)
    mbedtls_sha256_free                      0x00001b25   Thumb Code    20  sha256.o(.text.mbedtls_sha256_free)
    mbedtls_sha256_init                      0x00001b39   Thumb Code    10  sha256.o(.text.mbedtls_sha256_init)
    mbedtls_sha256_ret                       0x00001b45   Thumb Code    62  sha256.o(.text.mbedtls_sha256_ret)
    mbedtls_sha256_starts_ret                0x00001b85   Thumb Code   186  sha256.o(.text.mbedtls_sha256_starts_ret)
    mbedtls_sha256_update_ret                0x00001c41   Thumb Code   140  sha256.o(.text.mbedtls_sha256_update_ret)
    _fp_init                                 0x00001dc5   Thumb Code    26  fpinit.o(x$fpl$fpinit)
    __fplib_config_fpu_vfp                   0x00001ddd   Thumb Code     0  fpinit.o(x$fpl$fpinit)
    __fplib_config_pureend_doubles           0x00001ddd   Thumb Code     0  fpinit.o(x$fpl$fpinit)
    Region$$Table$$Base                      0x000041c4   Number         0  anon$$obj.o(Region$$Table)
    Region$$Table$$Limit                     0x000041d4   Number         0  anon$$obj.o(Region$$Table)
    __libspace_start                         0x20000000   Data          96  libspace.o(.bss)
    __temporary_stack_top$libspace           0x20000060   Data           0  libspace.o(.bss)



==============================================================================

Memory Map of the image

  Image Entry point : 0x000002f1

  Load Region LR_1 (Base: 0x00000000, Size: 0x000041d4, Max: 0xffffffff, ABSOLUTE)

    Execution Region ER_RO (Exec base: 0x00000000, Load base: 0x00000000, Size: 0x000041d4, Max: 0xffffffff, ABSOLUTE)

    Exec Addr    Load Addr    Size         Type   Attr      Idx    E Section Name        Object

    0x00000000   0x00000000   0x0000026c   Data   RO          158    RESET               startup_tm4c123.o
    0x0000026c   0x0000026c   0x00000008   Code   RO          195  * !!!main             c_w.l(__main.o)
    0x00000274   0x00000274   0x00000034   Code   RO          358    !!!scatter          c_w.l(__scatter.o)
    0x000002a8   0x000002a8   0x0000001c   Code   RO          360    !!handler_zi        c_w.l(__scatter_zi.o)
    0x000002c4   0x000002c4   0x00000002   Code   RO          222    .ARM.Collect$$libinit$$00000000  c_w.l(libinit.o)
    0x000002c6   0x000002c6   0x00000004   Code   RO          228    .ARM.Collect$$libinit$$00000001  c_w.l(libinit2.o)
    0x000002ca   0x000002ca   0x00000000   Code   RO          231    .ARM.Collect$$libinit$$00000004  c_w.l(libinit2.o)
    0x000002ca   0x000002ca   0x00000000   Code   RO          234    .ARM.Collect$$libinit$$0000000A  c_w.l(libinit2.o)
    0x000002ca   0x000002ca   0x00000000   Code   RO          236    .ARM.Collect$$libinit$$0000000C  c_w.l(libinit2.o)
    0x000002ca   0x000002ca   0x00000000   Code   RO          238    .ARM.Collect$$libinit$$0000000E  c_w.l(libinit2.o)
    0x000002ca   0x000002ca   0x00000000   Code   RO          241    .ARM.Collect$$libinit$$00000011  c_w.l(libinit2.o)
    0x000002ca   0x000002ca   0x00000000   Code   RO          243    .ARM.Collect$$libinit$$00000013  c_w.l(libinit2.o)
    0x000002ca   0x000002ca   0x00000000   Code   RO          245    .ARM.Collect$$libinit$$00000015  c_w.l(libinit2.o)
    0x000002ca   0x000002ca   0x00000000   Code   RO          247    .ARM.Collect$$libinit$$00000017  c_w.l(libinit2.o)
    0x000002ca   0x000002ca   0x00000000   Code   RO          249    .ARM.Collect$$libinit$$00000019  c_w.l(libinit2.o)
    0x000002ca   0x000002ca   0x00000000   Code   RO          251    .ARM.Collect$$libinit$$0000001B  c_w.l(libinit2.o)
    0x000002ca   0x000002ca   0x00000000   Code   RO          253    .ARM.Collect$$libinit$$0000001D  c_w.l(libinit2.o)
    0x000002ca   0x000002ca   0x00000000   Code   RO          255    .ARM.Collect$$libinit$$0000001F  c_w.l(libinit2.o)
    0x000002ca   0x000002ca   0x00000000   Code   RO          257    .ARM.Collect$$libinit$$00000021  c_w.l(libinit2.o)
    0x000002ca   0x000002ca   0x00000000   Code   RO          259    .ARM.Collect$$libinit$$00000023  c_w.l(libinit2.o)
    0x000002ca   0x000002ca   0x00000000   Code   RO          261    .ARM.Collect$$libinit$$00000025  c_w.l(libinit2.o)
    0x000002ca   0x000002ca   0x00000000   Code   RO          265    .ARM.Collect$$libinit$$0000002C  c_w.l(libinit2.o)
    0x000002ca   0x000002ca   0x00000000   Code   RO          267    .ARM.Collect$$libinit$$0000002E  c_w.l(libinit2.o)
    0x000002ca   0x000002ca   0x00000000   Code   RO          269    .ARM.Collect$$libinit$$00000030  c_w.l(libinit2.o)
    0x000002ca   0x000002ca   0x00000000   Code   RO          271    .ARM.Collect$$libinit$$00000032  c_w.l(libinit2.o)
    0x000002ca   0x000002ca   0x00000002   Code   RO          272    .ARM.Collect$$libinit$$00000033  c_w.l(libinit2.o)
    0x000002cc   0x000002cc   0x00000002   Code   RO          294    .ARM.Collect$$libshutdown$$00000000  c_w.l(libshutdown.o)
    0x000002ce   0x000002ce   0x00000000   Code   RO          309    .ARM.Collect$$libshutdown$$00000002  c_w.l(libshutdown2.o)
    0x000002ce   0x000002ce   0x00000000   Code   RO          311    .ARM.Collect$$libshutdown$$00000004  c_w.l(libshutdown2.o)
    0x000002ce   0x000002ce   0x00000000   Code   RO          314    .ARM.Collect$$libshutdown$$00000007  c_w.l(libshutdown2.o)
    0x000002ce   0x000002ce   0x00000000   Code   RO          317    .ARM.Collect$$libshutdown$$0000000A  c_w.l(libshutdown2.o)
    0x000002ce   0x000002ce   0x00000000   Code   RO          319    .ARM.Collect$$libshutdown$$0000000C  c_w.l(libshutdown2.o)
    0x000002ce   0x000002ce   0x00000000   Code   RO          322    .ARM.Collect$$libshutdown$$0000000F  c_w.l(libshutdown2.o)
    0x000002ce   0x000002ce   0x00000002   Code   RO          323    .ARM.Collect$$libshutdown$$00000010  c_w.l(libshutdown2.o)
    0x000002d0   0x000002d0   0x00000000   Code   RO          197    .ARM.Collect$$rtentry$$00000000  c_w.l(__rtentry.o)
    0x000002d0   0x000002d0   0x00000000   Code   RO          199    .ARM.Collect$$rtentry$$00000002  c_w.l(__rtentry2.o)
    0x000002d0   0x000002d0   0x00000006   Code   RO          211    .ARM.Collect$$rtentry$$00000004  c_w.l(__rtentry4.o)
    0x000002d6   0x000002d6   0x00000000   Code   RO          201    .ARM.Collect$$rtentry$$00000009  c_w.l(__rtentry2.o)
    0x000002d6   0x000002d6   0x00000004   Code   RO          202    .ARM.Collect$$rtentry$$0000000A  c_w.l(__rtentry2.o)
    0x000002da   0x000002da   0x00000000   Code   RO          204    .ARM.Collect$$rtentry$$0000000C  c_w.l(__rtentry2.o)
    0x000002da   0x000002da   0x00000008   Code   RO          205    .ARM.Collect$$rtentry$$0000000D  c_w.l(__rtentry2.o)
    0x000002e2   0x000002e2   0x00000002   Code   RO          226    .ARM.Collect$$rtexit$$00000000  c_w.l(rtexit.o)
    0x000002e4   0x000002e4   0x00000000   Code   RO          274    .ARM.Collect$$rtexit$$00000002  c_w.l(rtexit2.o)
    0x000002e4   0x000002e4   0x00000004   Code   RO          275    .ARM.Collect$$rtexit$$00000003  c_w.l(rtexit2.o)
    0x000002e8   0x000002e8   0x00000006   Code   RO          276    .ARM.Collect$$rtexit$$00000004  c_w.l(rtexit2.o)
    0x000002ee   0x000002ee   0x00000002   PAD
    0x000002f0   0x000002f0   0x00000114   Code   RO          159  * .text               startup_tm4c123.o
    0x00000404   0x00000404   0x00000058   Code   RO          183    .text               c_w.l(memcmp.o)
    0x0000045c   0x0000045c   0x0000008a   Code   RO          185    .text               c_w.l(rt_memcpy_v6.o)
    0x000004e6   0x000004e6   0x00000064   Code   RO          187    .text               c_w.l(rt_memcpy_w.o)
    0x0000054a   0x0000054a   0x00000044   Code   RO          189    .text               c_w.l(rt_memclr.o)
    0x0000058e   0x0000058e   0x0000004e   Code   RO          191    .text               c_w.l(rt_memclr_w.o)
    0x000005dc   0x000005dc   0x00000006   Code   RO          193    .text               c_w.l(heapauxi.o)
    0x000005e2   0x000005e2   0x0000004a   Code   RO          213    .text               c_w.l(sys_stackheap_outer.o)
    0x0000062c   0x0000062c   0x00000012   Code   RO          215    .text               c_w.l(exit.o)
    0x0000063e   0x0000063e   0x00000002   PAD
    0x00000640   0x00000640   0x00000008   Code   RO          223    .text               c_w.l(libspace.o)
    0x00000648   0x00000648   0x0000000c   Code   RO          284    .text               c_w.l(sys_exit.o)
    0x00000654   0x00000654   0x00000002   Code   RO          299    .text               c_w.l(use_no_semi.o)
    0x00000656   0x00000656   0x00000000   Code   RO          301    .text               c_w.l(indicate_semi.o)
    0x00000656   0x00000656   0x00000002   PAD
    0x00000658   0x00000658   0x0000000c   Code   RO           85    .text.CryIf_GetDriverObjectId  cryif.o
    0x00000664   0x00000664   0x00000022   Code   RO           83    .text.CryIf_ProcessJob  cryif.o
    0x00000686   0x00000686   0x00000002   PAD
    0x00000688   0x00000688   0x00000030   Code   RO           99    .text.Crypto_ProcessJob  crypto.o
    0x000006b8   0x000006b8   0x00000038   Code   RO           95    .text.Crypto_SetKey  crypto.o
    0x000006f0   0x000006f0   0x00000014   Code   RO           97    .text.Crypto_SetKeyValid  crypto.o
    0x00000704   0x00000704   0x00000044   Code   RO          122    .text.Csm_Encrypt   csm.o
    0x00000748   0x00000748   0x0000003a   Code   RO          116    .text.Csm_Hash      csm.o
    0x00000782   0x00000782   0x00000002   PAD
    0x00000784   0x00000784   0x0000000e   Code   RO          118    .text.Csm_SetKey    csm.o
    0x00000792   0x00000792   0x00000002   PAD
    0x00000794   0x00000794   0x0000000c   Code   RO          120    .text.Csm_SetKeyValid  csm.o
    0x000007a0   0x000007a0   0x00000074   Code   RO          103    .text.ProcessEncryptAesEcb  crypto.o
    0x00000814   0x00000814   0x0000002c   Code   RO          101    .text.ProcessHashGenerateSha256  crypto.o
    0x00000840   0x00000840   0x00000070   Code   RO          170    .text.SystemInit    system_tm4c123.o
    0x000008b0   0x000008b0   0x000001e4   Code   RO          132    .text.main          main.o
    0x00000a94   0x00000a94   0x0000001e   Code   RO           18    .text.mbedtls_aes_crypt_ecb  aes.o
    0x00000ab2   0x00000ab2   0x00000002   PAD
    0x00000ab4   0x00000ab4   0x00000016   Code   RO            4    .text.mbedtls_aes_free  aes.o
    0x00000aca   0x00000aca   0x00000002   PAD
    0x00000acc   0x00000acc   0x0000000c   Code   RO            2    .text.mbedtls_aes_init  aes.o
    0x00000ad8   0x00000ad8   0x0000020a   Code   RO            6    .text.mbedtls_aes_setkey_enc  aes.o
    0x00000ce2   0x00000ce2   0x00000002   PAD
    0x00000ce4   0x00000ce4   0x000002e4   Code   RO           14    .text.mbedtls_internal_aes_decrypt  aes.o
    0x00000fc8   0x00000fc8   0x000002e6   Code   RO           10    .text.mbedtls_internal_aes_encrypt  aes.o
    0x000012ae   0x000012ae   0x00000002   PAD
    0x000012b0   0x000012b0   0x00000732   Code   RO           58    .text.mbedtls_internal_sha256_process  sha256.o
    0x000019e2   0x000019e2   0x00000002   PAD
    0x000019e4   0x000019e4   0x00000016   Code   RO           39    .text.mbedtls_platform_zeroize  platform_util.o
    0x000019fa   0x000019fa   0x00000002   PAD
    0x000019fc   0x000019fc   0x00000008   Code   RO           72    .text.mbedtls_sha256  sha256.o
    0x00001a04   0x00001a04   0x0000011e   Code   RO           66    .text.mbedtls_sha256_finish_ret  sha256.o
    0x00001b22   0x00001b22   0x00000002   PAD
    0x00001b24   0x00001b24   0x00000014   Code   RO           50    .text.mbedtls_sha256_free  sha256.o
    0x00001b38   0x00001b38   0x0000000a   Code   RO           48    .text.mbedtls_sha256_init  sha256.o
    0x00001b42   0x00001b42   0x00000002   PAD
    0x00001b44   0x00001b44   0x0000003e   Code   RO           70    .text.mbedtls_sha256_ret  sha256.o
    0x00001b82   0x00001b82   0x00000002   PAD
    0x00001b84   0x00001b84   0x000000ba   Code   RO           54    .text.mbedtls_sha256_starts_ret  sha256.o
    0x00001c3e   0x00001c3e   0x00000002   PAD
    0x00001c40   0x00001c40   0x0000008c   Code   RO           62    .text.mbedtls_sha256_update_ret  sha256.o
    0x00001ccc   0x00001ccc   0x0000008a   Code   RO          134    .text.uart0_init    main.o
    0x00001d56   0x00001d56   0x00000002   PAD
    0x00001d58   0x00001d58   0x00000032   Code   RO          138    .text.uart0_print_hex_buf  main.o
    0x00001d8a   0x00001d8a   0x00000002   PAD
    0x00001d8c   0x00001d8c   0x00000012   Code   RO          140    .text.uart0_putc    main.o
    0x00001d9e   0x00001d9e   0x00000002   PAD
    0x00001da0   0x00001da0   0x00000024   Code   RO          136    .text.uart0_puts    main.o
    0x00001dc4   0x00001dc4   0x0000001a   Code   RO          282    x$fpl$fpinit        fz_wm.l(fpinit.o)
    0x00001dde   0x00001dde   0x00000100   Data   RO           21    .rodata.FSb         aes.o
    0x00001ede   0x00001ede   0x00000002   PAD
    0x00001ee0   0x00001ee0   0x00000400   Data   RO           26    .rodata.FT0         aes.o
    0x000022e0   0x000022e0   0x00000400   Data   RO           27    .rodata.FT1         aes.o
    0x000026e0   0x000026e0   0x00000400   Data   RO           28    .rodata.FT2         aes.o
    0x00002ae0   0x00002ae0   0x00000400   Data   RO           29    .rodata.FT3         aes.o
    0x00002ee0   0x00002ee0   0x00000100   Data   RO           74    .rodata.K           sha256.o
    0x00002fe0   0x00002fe0   0x00000100   Data   RO           30    .rodata.RSb         aes.o
    0x000030e0   0x000030e0   0x00000400   Data   RO           22    .rodata.RT0         aes.o
    0x000034e0   0x000034e0   0x00000400   Data   RO           23    .rodata.RT1         aes.o
    0x000038e0   0x000038e0   0x00000400   Data   RO           24    .rodata.RT2         aes.o
    0x00003ce0   0x00003ce0   0x00000400   Data   RO           25    .rodata.RT3         aes.o
    0x000040e0   0x000040e0   0x00000010   Data   RO          147    .rodata.g_aesExpected  main.o
    0x000040f0   0x000040f0   0x00000010   Data   RO          146    .rodata.g_aesInput  main.o
    0x00004100   0x00004100   0x00000010   Data   RO          145    .rodata.g_aesKey    main.o
    0x00004110   0x00004110   0x00000020   Data   RO          144    .rodata.g_hashExpected  main.o
    0x00004130   0x00004130   0x00000010   Data   RO          142    .rodata.g_hashMsg   main.o
    0x00004140   0x00004140   0x00000028   Data   RO           20    .rodata.round_constants  aes.o
    0x00004168   0x00004168   0x0000005a   Data   RO          143    .rodata.str1.1      main.o
    0x000041c2   0x000041c2   0x00000002   PAD
    0x000041c4   0x000041c4   0x00000010   Data   RO          357    Region$$Table       anon$$obj.o


    Execution Region ER_RW (Exec base: 0x20000000, Load base: 0x000041d4, Size: 0x00000000, Max: 0xffffffff, ABSOLUTE)

    **** No section assigned to this execution region ****


    Execution Region ER_ZI (Exec base: 0x20000000, Load base: 0x000041d4, Size: 0x00000288, Max: 0xffffffff, ABSOLUTE)

    Exec Addr    Load Addr    Size         Type   Attr      Idx    E Section Name        Object

    0x20000000        -       0x00000060   Zero   RW          224    .bss                c_w.l(libspace.o)
    0x20000060        -       0x00000020   Zero   RW          105    .bss.s_aesKey       crypto.o
    0x20000080        -       0x00000004   Zero   RW          106    .bss.s_aesKeyLenBits  crypto.o
    0x20000084        -       0x00000001   Zero   RW          107    .bss.s_aesKeyValid  crypto.o
    0x20000085   0x000041d4   0x00000003   PAD
    0x20000088        -       0x00000000   Zero   RW          157    HEAP                startup_tm4c123.o
    0x20000088        -       0x00000200   Zero   RW          156    STACK               startup_tm4c123.o


==============================================================================

Image component sizes


      Code (inc. data)   RO Data    RW Data    ZI Data      Debug   Object Name

      2068          0       8744          0          0       5472   aes.o
        46          0          0          0          0       1664   cryif.o
       284          0          0          0         37       2821   crypto.o
       152          0          0          0          0       2162   csm.o
       726        136        186          0          0       7567   main.o
        22          0          0          0          0        733   platform_util.o
      2554          0        256          0          0       5133   sha256.o
       276         24        620          0        512       5480   startup_tm4c123.o
       112          0          0          0          0       6592   system_tm4c123.o

    ----------------------------------------------------------------------
      6272        160       9826          0        552      37624   Object Totals
         0          0         16          0          0          0   (incl. Generated)
        32          0          4          0          3          0   (incl. Padding)

    ----------------------------------------------------------------------

      Code (inc. data)   RO Data    RW Data    ZI Data      Debug   Library Member Name

         8          0          0          0          0         68   __main.o
         0          0          0          0          0          0   __rtentry.o
        12          0          0          0          0          0   __rtentry2.o
         6          0          0          0          0          0   __rtentry4.o
        52          8          0          0          0          0   __scatter.o
        28          0          0          0          0          0   __scatter_zi.o
        18          0          0          0          0         80   exit.o
         6          0          0          0          0        152   heapauxi.o
         0          0          0          0          0          0   indicate_semi.o
         2          0          0          0          0          0   libinit.o
         6          0          0          0          0          0   libinit2.o
         2          0          0          0          0          0   libshutdown.o
         2          0          0          0          0          0   libshutdown2.o
         8          4          0          0         96         68   libspace.o
        88          0          0          0          0         76   memcmp.o
        68          0          0          0          0         68   rt_memclr.o
        78          0          0          0          0         80   rt_memclr_w.o
       138          0          0          0          0         68   rt_memcpy_v6.o
       100          0          0          0          0         80   rt_memcpy_w.o
         2          0          0          0          0          0   rtexit.o
        10          0          0          0          0          0   rtexit2.o
        12          4          0          0          0         68   sys_exit.o
        74          0          0          0          0         80   sys_stackheap_outer.o
         2          0          0          0          0         68   use_no_semi.o
        26          0          0          0          0        116   fpinit.o

    ----------------------------------------------------------------------
       754         16          0          0         96       1072   Library Totals
         6          0          0          0          0          0   (incl. Padding)

    ----------------------------------------------------------------------

      Code (inc. data)   RO Data    RW Data    ZI Data      Debug   Library Name

       722         16          0          0         96        956   c_w.l
        26          0          0          0          0        116   fz_wm.l

    ----------------------------------------------------------------------
       754         16          0          0         96       1072   Library Totals

    ----------------------------------------------------------------------

==============================================================================


      Code (inc. data)   RO Data    RW Data    ZI Data      Debug   

      7026        176       9826          0        648      38100   Grand Totals
      7026        176       9826          0        648      38100   ELF Image Totals
      7026        176       9826          0          0          0   ROM Totals

==============================================================================

    Total RO  Size (Code + RO Data)                16852 (  16.46kB)
    Total RW  Size (RW Data + ZI Data)               648 (   0.63kB)
    Total ROM Size (Code + RO Data + RW Data)      16852 (  16.46kB)

==============================================================================

